
Allocating common symbols
Common symbol       size              file

idt_ptr             0x6               kernel/global.o
inode_table         0xb00             kernel/global.o
task_stack          0x24000           kernel/global.o
k_reenter           0x4               kernel/global.o
gdt                 0x400             kernel/global.o
current_console     0x4               kernel/global.o
pcaller             0x4               kernel/global.o
tty_table           0xc6c             kernel/global.o
tss                 0x68              kernel/global.o
fs_msg              0x30              kernel/global.o
memory_size         0x4               kernel/global.o
f_desc_table        0x400             kernel/global.o
root_inode          0x4               kernel/global.o
disp_pos            0x4               kernel/global.o
mm_msg              0x30              kernel/global.o
key_pressed         0x4               kernel/global.o
gdt_ptr             0x6               kernel/global.o
idt                 0x800             kernel/global.o
super_block         0x1e0             kernel/global.o
PARTITION_ENTRY     0x10              kernel/hd.o
ticks               0x4               kernel/global.o
console_table       0x3c              kernel/global.o
irq_table           0x40              kernel/global.o
p_proc_ready        0x4               kernel/global.o
proc_table          0x3af8            kernel/global.o

Discarded input sections

 .note.GNU-stack
                0x0000000000000000        0x0 kernel/start.o
 .note.GNU-stack
                0x0000000000000000        0x0 kernel/main.o
 .note.GNU-stack
                0x0000000000000000        0x0 kernel/clock.o
 .note.GNU-stack
                0x0000000000000000        0x0 kernel/keyboard.o
 .note.GNU-stack
                0x0000000000000000        0x0 kernel/tty.o
 .note.GNU-stack
                0x0000000000000000        0x0 kernel/console.o
 .note.GNU-stack
                0x0000000000000000        0x0 kernel/i8259.o
 .note.GNU-stack
                0x0000000000000000        0x0 kernel/global.o
 .note.GNU-stack
                0x0000000000000000        0x0 kernel/protect.o
 .note.GNU-stack
                0x0000000000000000        0x0 kernel/proc.o
 .note.GNU-stack
                0x0000000000000000        0x0 kernel/systask.o
 .note.GNU-stack
                0x0000000000000000        0x0 kernel/hd.o
 .note.GNU-stack
                0x0000000000000000        0x0 lib/printf.o
 .note.GNU-stack
                0x0000000000000000        0x0 lib/vsprintf.o
 .note.GNU-stack
                0x0000000000000000        0x0 lib/klib.o
 .note.GNU-stack
                0x0000000000000000        0x0 lib/misc.o
 .note.GNU-stack
                0x0000000000000000        0x0 lib/open.o
 .note.GNU-stack
                0x0000000000000000        0x0 lib/read.o
 .note.GNU-stack
                0x0000000000000000        0x0 lib/write.o
 .note.GNU-stack
                0x0000000000000000        0x0 lib/close.o
 .note.GNU-stack
                0x0000000000000000        0x0 lib/unlink.o
 .note.GNU-stack
                0x0000000000000000        0x0 lib/getpid.o
 .note.GNU-stack
                0x0000000000000000        0x0 lib/syslog.o
 .note.GNU-stack
                0x0000000000000000        0x0 lib/fork.o
 .note.GNU-stack
                0x0000000000000000        0x0 lib/exit.o
 .note.GNU-stack
                0x0000000000000000        0x0 lib/wait.o
 .note.GNU-stack
                0x0000000000000000        0x0 mm/main.o
 .note.GNU-stack
                0x0000000000000000        0x0 mm/forkexit.o
 .note.GNU-stack
                0x0000000000000000        0x0 fs/main.o
 .note.GNU-stack
                0x0000000000000000        0x0 fs/open.o
 .note.GNU-stack
                0x0000000000000000        0x0 fs/misc.o
 .note.GNU-stack
                0x0000000000000000        0x0 fs/read_write.o
 .note.GNU-stack
                0x0000000000000000        0x0 fs/link.o
 .note.GNU-stack
                0x0000000000000000        0x0 fs/disklog.o

Memory Configuration

Name             Origin             Length             Attributes
*default*        0x0000000000000000 0xffffffffffffffff

Linker script and memory map

Address of section .text set to 0x1000
LOAD kernel/kernel.o
LOAD lib/syscall.o
LOAD kernel/start.o
LOAD kernel/main.o
LOAD kernel/clock.o
LOAD kernel/keyboard.o
LOAD kernel/tty.o
LOAD kernel/console.o
LOAD kernel/i8259.o
LOAD kernel/global.o
LOAD kernel/protect.o
LOAD kernel/proc.o
LOAD kernel/systask.o
LOAD kernel/hd.o
LOAD lib/printf.o
LOAD lib/vsprintf.o
LOAD lib/kliba.o
LOAD lib/klib.o
LOAD lib/string.o
LOAD lib/misc.o
LOAD lib/open.o
LOAD lib/read.o
LOAD lib/write.o
LOAD lib/close.o
LOAD lib/unlink.o
LOAD lib/getpid.o
LOAD lib/syslog.o
LOAD lib/fork.o
LOAD lib/exit.o
LOAD lib/wait.o
LOAD mm/main.o
LOAD mm/forkexit.o
LOAD fs/main.o
LOAD fs/open.o
LOAD fs/misc.o
LOAD fs/read_write.o
LOAD fs/link.o
LOAD fs/disklog.o
                [!provide]                        PROVIDE (__executable_start = SEGMENT_START ("text-segment", 0x8048000))
                0x0000000008048094                . = (SEGMENT_START ("text-segment", 0x8048000) + SIZEOF_HEADERS)

.interp
 *(.interp)

.note.gnu.build-id
 *(.note.gnu.build-id)

.hash
 *(.hash)

.gnu.hash
 *(.gnu.hash)

.dynsym
 *(.dynsym)

.dynstr
 *(.dynstr)

.gnu.version
 *(.gnu.version)

.gnu.version_d
 *(.gnu.version_d)

.gnu.version_r
 *(.gnu.version_r)

.rel.dyn        0x0000000008048094        0x0
 *(.rel.init)
 *(.rel.text .rel.text.* .rel.gnu.linkonce.t.*)
 .rel.text      0x0000000008048094        0x0 kernel/kernel.o
 *(.rel.fini)
 *(.rel.rodata .rel.rodata.* .rel.gnu.linkonce.r.*)
 *(.rel.data.rel.ro .rel.data.rel.ro.* .rel.gnu.linkonce.d.rel.ro.*)
 *(.rel.data .rel.data.* .rel.gnu.linkonce.d.*)
 *(.rel.tdata .rel.tdata.* .rel.gnu.linkonce.td.*)
 *(.rel.tbss .rel.tbss.* .rel.gnu.linkonce.tb.*)
 *(.rel.ctors)
 *(.rel.dtors)
 *(.rel.got)
 .rel.got       0x0000000008048094        0x0 kernel/kernel.o
 *(.rel.bss .rel.bss.* .rel.gnu.linkonce.b.*)
 *(.rel.ifunc)

.rel.plt        0x0000000008048094        0x0
 *(.rel.plt)
                [!provide]                        PROVIDE (__rel_iplt_start = .)
 *(.rel.iplt)
 .rel.iplt      0x0000000008048094        0x0 kernel/kernel.o
                [!provide]                        PROVIDE (__rel_iplt_end = .)

.init
 *(SORT_NONE(.init))

.plt            0x0000000008048098        0x0
 *(.plt)
 *(.iplt)
 .iplt          0x0000000008048098        0x0 kernel/kernel.o

.plt.got
 *(.plt.got)

.plt.sec
 *(.plt.sec)

.text           0x0000000000001000     0xaf5b
 *(.text.unlikely .text.*_unlikely .text.unlikely.*)
 *(.text.exit .text.exit.*)
 *(.text.startup .text.startup.*)
 *(.text.hot .text.hot.*)
 *(.text .stub .text.* .gnu.linkonce.t.*)
 .text          0x0000000000001000      0x410 kernel/kernel.o
                0x0000000000001000                _start
                0x0000000000001040                hwint00
                0x0000000000001070                hwint01
                0x00000000000010a0                hwint02
                0x00000000000010d0                hwint03
                0x0000000000001100                hwint04
                0x0000000000001130                hwint05
                0x0000000000001160                hwint06
                0x0000000000001190                hwint07
                0x00000000000011c0                hwint08
                0x00000000000011f0                hwint09
                0x0000000000001220                hwint10
                0x0000000000001250                hwint11
                0x0000000000001280                hwint12
                0x00000000000012b0                hwint13
                0x00000000000012e0                hwint14
                0x0000000000001310                hwint15
                0x0000000000001334                divide_error
                0x000000000000133a                single_step_exception
                0x0000000000001340                nmi
                0x0000000000001346                breakpoint_exception
                0x000000000000134c                overflow
                0x0000000000001352                bounds_check
                0x0000000000001358                inval_opcode
                0x000000000000135e                copr_not_available
                0x0000000000001364                double_fault
                0x0000000000001368                copr_seg_overrun
                0x000000000000136e                inval_tss
                0x0000000000001372                segment_not_present
                0x0000000000001376                stack_exception
                0x000000000000137a                general_protection
                0x000000000000137e                page_fault
                0x0000000000001382                copr_error
                0x00000000000013cb                sys_call
                0x00000000000013eb                restart
 .text          0x0000000000001410       0x28 lib/syscall.o
                0x0000000000001410                sendrec
                0x000000000000142a                printx
 .text          0x0000000000001438       0x95 kernel/start.o
                0x0000000000001438                cstart
 .text          0x00000000000014cd      0x487 kernel/main.o
                0x00000000000014cd                kernel_main
                0x00000000000017e8                get_ticks
                0x000000000000181c                Init
                0x00000000000018fc                TestA
                0x0000000000001901                TestB
                0x0000000000001906                TestC
                0x000000000000190b                panic
 .text          0x0000000000001954       0xfd kernel/clock.o
                0x0000000000001954                clock_handler
                0x00000000000019cf                milli_delay
                0x00000000000019f9                init_clock
 .text          0x0000000000001a51      0x6e2 kernel/keyboard.o
                0x0000000000001a51                keyboard_handler
                0x0000000000001abb                init_keyboard
                0x0000000000001b6a                keyboard_read
 .text          0x0000000000002133      0xa44 kernel/tty.o
                0x0000000000002133                task_tty
                0x0000000000002324                in_process
                0x000000000000287d                sys_printx
                0x0000000000002a1a                dump_tty_buf
 .text          0x0000000000002b77      0x7d7 kernel/console.o
                0x0000000000002b77                init_screen
                0x0000000000002ceb                out_char
                0x0000000000002fc8                is_current_console
                0x00000000000030bb                select_console
                0x00000000000030fb                scroll_screen
 .text          0x000000000000334e      0x130 kernel/i8259.o
                0x000000000000334e                init_8259A
                0x0000000000003423                spurious_irq
                0x000000000000345a                put_irq_handler
 .text          0x000000000000347e        0x0 kernel/global.o
 .text          0x000000000000347e      0x65a kernel/protect.o
                0x000000000000347e                init_prot
                0x00000000000038e1                seg2linear
                0x0000000000003930                init_desc
                0x000000000000399d                exception_handler
 .text          0x0000000000003ad8     0x169c kernel/proc.o
                0x0000000000003ad8                schedule
                0x0000000000003b64                sys_sendrec
                0x0000000000003c82                send_recv
                0x0000000000003d3f                ldt_seg_linear
                0x0000000000003d89                va2la
                0x0000000000003dea                reset_msg
                0x0000000000004bbc                inform_int
                0x0000000000004d2c                dump_proc
                0x0000000000005066                dump_msg
 .text          0x0000000000005174      0x2bc kernel/systask.o
                0x0000000000005174                task_sys
 .text          0x0000000000005430      0xe13 kernel/hd.o
                0x0000000000005430                task_hd
                0x0000000000006218                hd_handler
 .text          0x0000000000006243       0xad lib/printf.o
                0x0000000000006243                printf
                0x00000000000062ae                printl
 .text          0x00000000000062f0      0x309 lib/vsprintf.o
                0x0000000000006356                vsprintf
                0x00000000000065d3                sprintf
 *fill*         0x00000000000065f9        0x7 
 .text          0x0000000000006600      0x19a lib/kliba.o
                0x0000000000006600                disp_str
                0x000000000000663e                disp_color_str
                0x000000000000667d                out_byte
                0x0000000000006689                in_byte
                0x0000000000006693                port_read
                0x00000000000066a6                port_write
                0x00000000000066b9                disable_irq
                0x00000000000066ee                enable_irq
                0x000000000000670d                disable_int
                0x000000000000670f                enable_int
                0x0000000000006711                glitter
 .text          0x000000000000679a      0x2af lib/klib.o
                0x000000000000679a                get_boot_params
                0x0000000000006820                get_kernel_map
                0x0000000000006930                itoa
                0x00000000000069db                disp_int
                0x0000000000006a02                delay
 *fill*         0x0000000000006a49        0x7 
 .text          0x0000000000006a50       0x78 lib/string.o
                0x0000000000006a50                memcpy
                0x0000000000006a79                memset
                0x0000000000006a9a                strcpy
                0x0000000000006ab2                strlen
 .text          0x0000000000006ac8      0x194 lib/misc.o
                0x0000000000006ac8                memcmp
                0x0000000000006b3a                strcmp
                0x0000000000006ba9                strcat
                0x0000000000006c08                spin
                0x0000000000006c23                assertion_failure
 .text          0x0000000000006c5c       0x63 lib/open.o
                0x0000000000006c5c                open
 .text          0x0000000000006cbf       0x37 lib/read.o
                0x0000000000006cbf                read
 .text          0x0000000000006cf6       0x37 lib/write.o
                0x0000000000006cf6                write
 .text          0x0000000000006d2d       0x2b lib/close.o
                0x0000000000006d2d                close
 .text          0x0000000000006d58       0x3c lib/unlink.o
                0x0000000000006d58                unlink
 .text          0x0000000000006d94       0x46 lib/getpid.o
                0x0000000000006d94                getpid
 .text          0x0000000000006dda       0x6f lib/syslog.o
                0x0000000000006dda                syslog
 .text          0x0000000000006e49       0x66 lib/fork.o
                0x0000000000006e49                fork
 .text          0x0000000000006eaf       0x4a lib/exit.o
                0x0000000000006eaf                exit
 .text          0x0000000000006ef9       0x3c lib/wait.o
                0x0000000000006ef9                wait
 .text          0x0000000000006f35      0x1a4 mm/main.o
                0x0000000000006f35                task_mm
                0x0000000000007054                alloc_mem
                0x00000000000070cf                free_mem
 .text          0x00000000000070d9      0x778 mm/forkexit.o
                0x00000000000070d9                do_fork
                0x0000000000007434                do_exit
                0x000000000000771e                do_wait
 .text          0x0000000000007851      0xe3c fs/main.o
                0x0000000000007851                task_fs
                0x000000000000808d                rw_sector
                0x0000000000008295                get_super_block
                0x00000000000082db                get_inode
                0x000000000000843e                put_inode
                0x000000000000847c                sync_inode
 .text          0x000000000000868d      0xaa0 fs/open.o
                0x000000000000868d                do_open
                0x0000000000008ac3                do_close
                0x0000000000008b3e                do_lseek
 .text          0x000000000000912d      0x1dd fs/misc.o
                0x000000000000912d                search_file
                0x0000000000009283                strip_path
 .text          0x000000000000930a      0x496 fs/read_write.o
                0x000000000000930a                do_rdwt
 .text          0x00000000000097a0      0x812 fs/link.o
                0x00000000000097a0                do_unlink
 .text          0x0000000000009fb2     0x1fa9 fs/disklog.o
                0x0000000000009fb2                disklog
                0x000000000000a520                dump_fd_graph
 *(.gnu.warning)

.fini
 *(SORT_NONE(.fini))
                [!provide]                        PROVIDE (__etext = .)
                [!provide]                        PROVIDE (_etext = .)
                [!provide]                        PROVIDE (etext = .)

.rodata         0x000000000000bf60     0x25a2
 *(.rodata .rodata.* .gnu.linkonce.r.*)
 .rodata        0x000000000000bf60       0x47 kernel/start.o
 *fill*         0x000000000000bfa7        0x1 
 .rodata        0x000000000000bfa8       0xf8 kernel/main.o
 .rodata        0x000000000000c0a0       0x64 kernel/keyboard.o
 .rodata        0x000000000000c104      0x168 kernel/tty.o
 .rodata        0x000000000000c26c       0x5b kernel/console.o
 .rodata        0x000000000000c2c7       0x11 kernel/i8259.o
 .rodata        0x000000000000c2d8       0x10 kernel/global.o
                0x000000000000c2d8                FSBUF_SIZE
                0x000000000000c2dc                MMBUF_SIZE
                0x000000000000c2e0                LOGBUF_SIZE
                0x000000000000c2e4                LOGDISKBUF_SIZE
 *fill*         0x000000000000c2e8       0x18 
 .rodata        0x000000000000c300      0x580 kernel/protect.o
 .rodata        0x000000000000c880      0x61e kernel/proc.o
 .rodata        0x000000000000ce9e       0x11 kernel/systask.o
 *fill*         0x000000000000ceaf        0x1 
 .rodata        0x000000000000ceb0      0x1df kernel/hd.o
 .rodata        0x000000000000d08f       0x14 lib/printf.o
 *fill*         0x000000000000d0a3        0x1 
 .rodata        0x000000000000d0a4       0x66 lib/klib.o
 *fill*         0x000000000000d10a        0x2 
 .rodata        0x000000000000d10c       0x61 lib/misc.o
 .rodata        0x000000000000d16d       0x23 lib/open.o
 .rodata        0x000000000000d190       0x25 lib/getpid.o
 .rodata        0x000000000000d1b5       0x1e lib/syslog.o
 .rodata        0x000000000000d1d3       0x33 lib/fork.o
 .rodata        0x000000000000d206       0x23 lib/exit.o
 *fill*         0x000000000000d229        0x3 
 .rodata        0x000000000000d22c       0xb1 mm/main.o
 *fill*         0x000000000000d2dd        0x3 
 .rodata        0x000000000000d2e0      0x363 mm/forkexit.o
 *fill*         0x000000000000d643        0x1 
 .rodata        0x000000000000d644      0x266 fs/main.o
 *fill*         0x000000000000d8aa        0x2 
 .rodata        0x000000000000d8ac      0x13c fs/open.o
 .rodata        0x000000000000d9e8      0x164 fs/read_write.o
 .rodata        0x000000000000db4c      0x1ad fs/link.o
 *fill*         0x000000000000dcf9        0x3 
 .rodata        0x000000000000dcfc      0x806 fs/disklog.o

.rodata1
 *(.rodata1)

.eh_frame_hdr
 *(.eh_frame_hdr)
 *(.eh_frame_entry .eh_frame_entry.*)

.eh_frame       0x000000000000e504     0x11a4
 *(.eh_frame)
 .eh_frame      0x000000000000e504       0x38 kernel/start.o
 .eh_frame      0x000000000000e53c       0xd0 kernel/main.o
                                         0xe8 (size before relaxing)
 .eh_frame      0x000000000000e60c       0x60 kernel/clock.o
                                         0x78 (size before relaxing)
 .eh_frame      0x000000000000e66c       0xe0 kernel/keyboard.o
                                         0xf8 (size before relaxing)
 .eh_frame      0x000000000000e74c      0x13c kernel/tty.o
                                        0x154 (size before relaxing)
 .eh_frame      0x000000000000e888      0x140 kernel/console.o
                                        0x158 (size before relaxing)
 .eh_frame      0x000000000000e9c8       0x60 kernel/i8259.o
                                         0x78 (size before relaxing)
 .eh_frame      0x000000000000ea28       0xb0 kernel/protect.o
                                         0xc8 (size before relaxing)
 .eh_frame      0x000000000000ead8      0x1d8 kernel/proc.o
                                        0x1f0 (size before relaxing)
 .eh_frame      0x000000000000ecb0       0x5c kernel/systask.o
                                         0x74 (size before relaxing)
 .eh_frame      0x000000000000ed0c      0x1f4 kernel/hd.o
                                        0x20c (size before relaxing)
 .eh_frame      0x000000000000ef00       0x40 lib/printf.o
                                         0x58 (size before relaxing)
 .eh_frame      0x000000000000ef40       0x64 lib/vsprintf.o
                                         0x7c (size before relaxing)
 .eh_frame      0x000000000000efa4       0xa0 lib/klib.o
                                         0xb8 (size before relaxing)
 .eh_frame      0x000000000000f044       0x9c lib/misc.o
                                         0xb4 (size before relaxing)
 .eh_frame      0x000000000000f0e0       0x20 lib/open.o
                                         0x38 (size before relaxing)
 .eh_frame      0x000000000000f100       0x20 lib/read.o
                                         0x38 (size before relaxing)
 .eh_frame      0x000000000000f120       0x20 lib/write.o
                                         0x38 (size before relaxing)
 .eh_frame      0x000000000000f140       0x20 lib/close.o
                                         0x38 (size before relaxing)
 .eh_frame      0x000000000000f160       0x20 lib/unlink.o
                                         0x38 (size before relaxing)
 .eh_frame      0x000000000000f180       0x20 lib/getpid.o
                                         0x38 (size before relaxing)
 .eh_frame      0x000000000000f1a0       0x20 lib/syslog.o
                                         0x38 (size before relaxing)
 .eh_frame      0x000000000000f1c0       0x20 lib/fork.o
                                         0x38 (size before relaxing)
 .eh_frame      0x000000000000f1e0       0x20 lib/exit.o
                                         0x38 (size before relaxing)
 .eh_frame      0x000000000000f200       0x20 lib/wait.o
                                         0x38 (size before relaxing)
 .eh_frame      0x000000000000f220       0x7c mm/main.o
                                         0x94 (size before relaxing)
 .eh_frame      0x000000000000f29c       0x90 mm/forkexit.o
                                         0xa8 (size before relaxing)
 .eh_frame      0x000000000000f32c      0x170 fs/main.o
                                        0x188 (size before relaxing)
 .eh_frame      0x000000000000f49c      0x110 fs/open.o
                                        0x128 (size before relaxing)
 .eh_frame      0x000000000000f5ac       0x44 fs/misc.o
                                         0x5c (size before relaxing)
 .eh_frame      0x000000000000f5f0       0x2c fs/read_write.o
                                         0x44 (size before relaxing)
 .eh_frame      0x000000000000f61c       0x2c fs/link.o
                                         0x44 (size before relaxing)
 .eh_frame      0x000000000000f648       0x60 fs/disklog.o
                                         0x78 (size before relaxing)
 *(.eh_frame.*)

.gcc_except_table
 *(.gcc_except_table .gcc_except_table.*)

.gnu_extab
 *(.gnu_extab*)

.exception_ranges
 *(.exception_ranges .exception_ranges*)
                0x0000000000011000                . = DATA_SEGMENT_ALIGN (CONSTANT (MAXPAGESIZE), CONSTANT (COMMONPAGESIZE))

.eh_frame
 *(.eh_frame)
 *(.eh_frame.*)

.gnu_extab
 *(.gnu_extab)

.gcc_except_table
 *(.gcc_except_table .gcc_except_table.*)

.exception_ranges
 *(.exception_ranges .exception_ranges*)

.tdata
 *(.tdata .tdata.* .gnu.linkonce.td.*)

.tbss
 *(.tbss .tbss.* .gnu.linkonce.tb.*)
 *(.tcommon)

.preinit_array  0x0000000000011000        0x0
                [!provide]                        PROVIDE (__preinit_array_start = .)
 *(.preinit_array)
                [!provide]                        PROVIDE (__preinit_array_end = .)

.init_array     0x0000000000011000        0x0
                [!provide]                        PROVIDE (__init_array_start = .)
 *(SORT_BY_INIT_PRIORITY(.init_array.*) SORT_BY_INIT_PRIORITY(.ctors.*))
 *(.init_array EXCLUDE_FILE(*crtend?.o *crtend.o *crtbegin?.o *crtbegin.o) .ctors)
                [!provide]                        PROVIDE (__init_array_end = .)

.fini_array     0x0000000000011000        0x0
                [!provide]                        PROVIDE (__fini_array_start = .)
 *(SORT_BY_INIT_PRIORITY(.fini_array.*) SORT_BY_INIT_PRIORITY(.dtors.*))
 *(.fini_array EXCLUDE_FILE(*crtend?.o *crtend.o *crtbegin?.o *crtbegin.o) .dtors)
                [!provide]                        PROVIDE (__fini_array_end = .)

.ctors
 *crtbegin.o(.ctors)
 *crtbegin?.o(.ctors)
 *(EXCLUDE_FILE(*crtend?.o *crtend.o) .ctors)
 *(SORT_BY_NAME(.ctors.*))
 *(.ctors)

.dtors
 *crtbegin.o(.dtors)
 *crtbegin?.o(.dtors)
 *(EXCLUDE_FILE(*crtend?.o *crtend.o) .dtors)
 *(SORT_BY_NAME(.dtors.*))
 *(.dtors)

.jcr
 *(.jcr)

.data.rel.ro
 *(.data.rel.ro.local* .gnu.linkonce.d.rel.ro.local.*)
 *(.data.rel.ro .data.rel.ro.* .gnu.linkonce.d.rel.ro.*)

.dynamic
 *(.dynamic)

.got            0x0000000000011000        0x0
 *(.got)
 .got           0x0000000000011000        0x0 kernel/kernel.o
 *(.igot)
                0x0000000000011000                . = DATA_SEGMENT_RELRO_END (., (SIZEOF (.got.plt) >= 0xc)?0xc:0x0)

.got.plt        0x0000000000011000        0x0
 *(.got.plt)
 .got.plt       0x0000000000011000        0x0 kernel/kernel.o
 *(.igot.plt)
 .igot.plt      0x0000000000011000        0x0 kernel/kernel.o

.data           0x0000000000011000      0x814
 *(.data .data.* .gnu.linkonce.d.*)
 .data          0x0000000000011000        0x2 kernel/kernel.o
 .data          0x0000000000011002        0x0 kernel/start.o
 .data          0x0000000000011002        0x0 kernel/main.o
 .data          0x0000000000011002        0x0 kernel/clock.o
 *fill*         0x0000000000011002       0x1e 
 .data          0x0000000000011020      0x600 kernel/keyboard.o
                0x0000000000011020                keymap
 .data          0x0000000000011620       0x22 kernel/tty.o
 .data          0x0000000000011642        0x0 kernel/console.o
 .data          0x0000000000011642        0x0 kernel/i8259.o
 *fill*         0x0000000000011642       0x1e 
 .data          0x0000000000011660      0x1b4 kernel/global.o
                0x0000000000011660                task_table
                0x0000000000011740                user_proc_table
                0x00000000000117e0                sys_call_table
                0x00000000000117ec                dd_map
                0x0000000000011804                fsbuf
                0x0000000000011808                mmbuf
                0x000000000001180c                logbuf
                0x0000000000011810                logdiskbuf
 .data          0x0000000000011814        0x0 kernel/protect.o
 .data          0x0000000000011814        0x0 kernel/proc.o
 .data          0x0000000000011814        0x0 kernel/systask.o
 .data          0x0000000000011814        0x0 kernel/hd.o
 .data          0x0000000000011814        0x0 lib/printf.o
 .data          0x0000000000011814        0x0 lib/vsprintf.o
 .data          0x0000000000011814        0x0 lib/klib.o
 .data          0x0000000000011814        0x0 lib/misc.o
 .data          0x0000000000011814        0x0 lib/open.o
 .data          0x0000000000011814        0x0 lib/read.o
 .data          0x0000000000011814        0x0 lib/write.o
 .data          0x0000000000011814        0x0 lib/close.o
 .data          0x0000000000011814        0x0 lib/unlink.o
 .data          0x0000000000011814        0x0 lib/getpid.o
 .data          0x0000000000011814        0x0 lib/syslog.o
 .data          0x0000000000011814        0x0 lib/fork.o
 .data          0x0000000000011814        0x0 lib/exit.o
 .data          0x0000000000011814        0x0 lib/wait.o
 .data          0x0000000000011814        0x0 mm/main.o
 .data          0x0000000000011814        0x0 mm/forkexit.o
 .data          0x0000000000011814        0x0 fs/main.o
 .data          0x0000000000011814        0x0 fs/open.o
 .data          0x0000000000011814        0x0 fs/misc.o
 .data          0x0000000000011814        0x0 fs/read_write.o
 .data          0x0000000000011814        0x0 fs/link.o
 .data          0x0000000000011814        0x0 fs/disklog.o

.data1
 *(.data1)
                0x0000000000011814                _edata = .
                [!provide]                        PROVIDE (edata = .)
                0x0000000000011814                . = .
                0x0000000000011814                __bss_start = .

.bss            0x0000000000011820    0x2b788
 *(.dynbss)
 *(.bss .bss.* .gnu.linkonce.b.*)
 .bss           0x0000000000011820      0x800 kernel/kernel.o
 .bss           0x0000000000012020        0x0 kernel/start.o
 .bss           0x0000000000012020        0x0 kernel/main.o
 .bss           0x0000000000012020        0x0 kernel/clock.o
 .bss           0x0000000000012020       0x58 kernel/keyboard.o
 .bss           0x0000000000012078        0x0 kernel/tty.o
 .bss           0x0000000000012078        0x0 kernel/console.o
 .bss           0x0000000000012078        0x0 kernel/i8259.o
 .bss           0x0000000000012078        0x0 kernel/global.o
 .bss           0x0000000000012078        0x0 kernel/protect.o
 .bss           0x0000000000012078        0x0 kernel/proc.o
 .bss           0x0000000000012078        0x0 kernel/systask.o
 *fill*         0x0000000000012078        0x8 
 .bss           0x0000000000012080      0x64c kernel/hd.o
 .bss           0x00000000000126cc        0x0 lib/printf.o
 .bss           0x00000000000126cc        0x0 lib/vsprintf.o
 .bss           0x00000000000126cc        0x0 lib/klib.o
 .bss           0x00000000000126cc        0x0 lib/misc.o
 .bss           0x00000000000126cc        0x0 lib/open.o
 .bss           0x00000000000126cc        0x0 lib/read.o
 .bss           0x00000000000126cc        0x0 lib/write.o
 .bss           0x00000000000126cc        0x0 lib/close.o
 .bss           0x00000000000126cc        0x0 lib/unlink.o
 .bss           0x00000000000126cc        0x0 lib/getpid.o
 .bss           0x00000000000126cc        0x0 lib/syslog.o
 .bss           0x00000000000126cc        0x0 lib/fork.o
 .bss           0x00000000000126cc        0x0 lib/exit.o
 .bss           0x00000000000126cc        0x0 lib/wait.o
 .bss           0x00000000000126cc        0x0 mm/main.o
 .bss           0x00000000000126cc        0x0 mm/forkexit.o
 .bss           0x00000000000126cc        0x0 fs/main.o
 .bss           0x00000000000126cc        0x0 fs/open.o
 .bss           0x00000000000126cc        0x0 fs/misc.o
 .bss           0x00000000000126cc        0x0 fs/read_write.o
 .bss           0x00000000000126cc        0x0 fs/link.o
 *fill*         0x00000000000126cc       0x14 
 .bss           0x00000000000126e0      0x208 fs/disklog.o
 *(COMMON)
 *fill*         0x00000000000128e8       0x18 
 COMMON         0x0000000000012900    0x2a698 kernel/global.o
                0x0000000000012900                idt_ptr
                0x0000000000012920                inode_table
                0x0000000000013420                task_stack
                0x0000000000037420                k_reenter
                0x0000000000037440                gdt
                0x0000000000037840                current_console
                0x0000000000037844                pcaller
                0x0000000000037860                tty_table
                0x00000000000384e0                tss
                0x0000000000038560                fs_msg
                0x0000000000038590                memory_size
                0x00000000000385a0                f_desc_table
                0x00000000000389a0                root_inode
                0x00000000000389a4                disp_pos
                0x00000000000389c0                mm_msg
                0x00000000000389f0                key_pressed
                0x00000000000389f4                gdt_ptr
                0x0000000000038a00                idt
                0x0000000000039200                super_block
                0x00000000000393e0                ticks
                0x0000000000039400                console_table
                0x0000000000039440                irq_table
                0x0000000000039480                p_proc_ready
                0x00000000000394a0                proc_table
 COMMON         0x000000000003cf98       0x10 kernel/hd.o
                0x000000000003cf98                PARTITION_ENTRY
                0x000000000003cfa8                . = ALIGN ((. != 0x0)?0x4:0x1)
                0x000000000003cfa8                . = ALIGN (0x4)
                0x000000000003cfa8                . = SEGMENT_START ("ldata-segment", .)
                0x000000000003cfa8                . = ALIGN (0x4)
                0x000000000003cfa8                _end = .
                [!provide]                        PROVIDE (end = .)
                0x000000000003cfa8                . = DATA_SEGMENT_END (.)

.stab
 *(.stab)

.stabstr
 *(.stabstr)

.stab.excl
 *(.stab.excl)

.stab.exclstr
 *(.stab.exclstr)

.stab.index
 *(.stab.index)

.stab.indexstr
 *(.stab.indexstr)

.comment        0x0000000000000000       0x2c
 *(.comment)
 .comment       0x0000000000000000       0x2c kernel/start.o
                                         0x2d (size before relaxing)
 .comment       0x000000000000002c       0x2d kernel/main.o
 .comment       0x000000000000002c       0x2d kernel/clock.o
 .comment       0x000000000000002c       0x2d kernel/keyboard.o
 .comment       0x000000000000002c       0x2d kernel/tty.o
 .comment       0x000000000000002c       0x2d kernel/console.o
 .comment       0x000000000000002c       0x2d kernel/i8259.o
 .comment       0x000000000000002c       0x2d kernel/global.o
 .comment       0x000000000000002c       0x2d kernel/protect.o
 .comment       0x000000000000002c       0x2d kernel/proc.o
 .comment       0x000000000000002c       0x2d kernel/systask.o
 .comment       0x000000000000002c       0x2d kernel/hd.o
 .comment       0x000000000000002c       0x2d lib/printf.o
 .comment       0x000000000000002c       0x2d lib/vsprintf.o
 .comment       0x000000000000002c       0x2d lib/klib.o
 .comment       0x000000000000002c       0x2d lib/misc.o
 .comment       0x000000000000002c       0x2d lib/open.o
 .comment       0x000000000000002c       0x2d lib/read.o
 .comment       0x000000000000002c       0x2d lib/write.o
 .comment       0x000000000000002c       0x2d lib/close.o
 .comment       0x000000000000002c       0x2d lib/unlink.o
 .comment       0x000000000000002c       0x2d lib/getpid.o
 .comment       0x000000000000002c       0x2d lib/syslog.o
 .comment       0x000000000000002c       0x2d lib/fork.o
 .comment       0x000000000000002c       0x2d lib/exit.o
 .comment       0x000000000000002c       0x2d lib/wait.o
 .comment       0x000000000000002c       0x2d mm/main.o
 .comment       0x000000000000002c       0x2d mm/forkexit.o
 .comment       0x000000000000002c       0x2d fs/main.o
 .comment       0x000000000000002c       0x2d fs/open.o
 .comment       0x000000000000002c       0x2d fs/misc.o
 .comment       0x000000000000002c       0x2d fs/read_write.o
 .comment       0x000000000000002c       0x2d fs/link.o
 .comment       0x000000000000002c       0x2d fs/disklog.o

.gnu.build.attributes
 *(.gnu.build.attributes .gnu.build.attributes.*)

.debug
 *(.debug)

.line
 *(.line)

.debug_srcinfo
 *(.debug_srcinfo)

.debug_sfnames
 *(.debug_sfnames)

.debug_aranges  0x0000000000000000      0x438
 *(.debug_aranges)
 .debug_aranges
                0x0000000000000000       0x20 kernel/start.o
 .debug_aranges
                0x0000000000000020       0x20 kernel/main.o
 .debug_aranges
                0x0000000000000040       0x20 kernel/clock.o
 .debug_aranges
                0x0000000000000060       0x20 kernel/keyboard.o
 .debug_aranges
                0x0000000000000080       0x20 kernel/tty.o
 .debug_aranges
                0x00000000000000a0       0x20 kernel/console.o
 .debug_aranges
                0x00000000000000c0       0x20 kernel/i8259.o
 .debug_aranges
                0x00000000000000e0       0x18 kernel/global.o
 .debug_aranges
                0x00000000000000f8       0x20 kernel/protect.o
 .debug_aranges
                0x0000000000000118       0x20 kernel/proc.o
 .debug_aranges
                0x0000000000000138       0x20 kernel/systask.o
 .debug_aranges
                0x0000000000000158       0x20 kernel/hd.o
 .debug_aranges
                0x0000000000000178       0x20 lib/printf.o
 .debug_aranges
                0x0000000000000198       0x20 lib/vsprintf.o
 .debug_aranges
                0x00000000000001b8       0x20 lib/klib.o
 .debug_aranges
                0x00000000000001d8       0x20 lib/misc.o
 .debug_aranges
                0x00000000000001f8       0x20 lib/open.o
 .debug_aranges
                0x0000000000000218       0x20 lib/read.o
 .debug_aranges
                0x0000000000000238       0x20 lib/write.o
 .debug_aranges
                0x0000000000000258       0x20 lib/close.o
 .debug_aranges
                0x0000000000000278       0x20 lib/unlink.o
 .debug_aranges
                0x0000000000000298       0x20 lib/getpid.o
 .debug_aranges
                0x00000000000002b8       0x20 lib/syslog.o
 .debug_aranges
                0x00000000000002d8       0x20 lib/fork.o
 .debug_aranges
                0x00000000000002f8       0x20 lib/exit.o
 .debug_aranges
                0x0000000000000318       0x20 lib/wait.o
 .debug_aranges
                0x0000000000000338       0x20 mm/main.o
 .debug_aranges
                0x0000000000000358       0x20 mm/forkexit.o
 .debug_aranges
                0x0000000000000378       0x20 fs/main.o
 .debug_aranges
                0x0000000000000398       0x20 fs/open.o
 .debug_aranges
                0x00000000000003b8       0x20 fs/misc.o
 .debug_aranges
                0x00000000000003d8       0x20 fs/read_write.o
 .debug_aranges
                0x00000000000003f8       0x20 fs/link.o
 .debug_aranges
                0x0000000000000418       0x20 fs/disklog.o

.debug_pubnames
 *(.debug_pubnames)

.debug_info     0x0000000000000000    0x1de7a
 *(.debug_info .gnu.linkonce.wi.*)
 .debug_info    0x0000000000000000      0xc13 kernel/start.o
 .debug_info    0x0000000000000c13      0xe51 kernel/main.o
 .debug_info    0x0000000000001a64      0xc21 kernel/clock.o
 .debug_info    0x0000000000002685      0xeb5 kernel/keyboard.o
 .debug_info    0x000000000000353a      0xffb kernel/tty.o
 .debug_info    0x0000000000004535      0xe91 kernel/console.o
 .debug_info    0x00000000000053c6      0xc35 kernel/i8259.o
 .debug_info    0x0000000000005ffb      0xd2e kernel/global.o
 .debug_info    0x0000000000006d29      0xd92 kernel/protect.o
 .debug_info    0x0000000000007abb     0x1100 kernel/proc.o
 .debug_info    0x0000000000008bbb      0xd5a kernel/systask.o
 .debug_info    0x0000000000009915     0x1411 kernel/hd.o
 .debug_info    0x000000000000ad26      0xc99 lib/printf.o
 .debug_info    0x000000000000b9bf      0xd55 lib/vsprintf.o
 .debug_info    0x000000000000c714      0xfdb lib/klib.o
 .debug_info    0x000000000000d6ef      0xd58 lib/misc.o
 .debug_info    0x000000000000e447      0xcaf lib/open.o
 .debug_info    0x000000000000f0f6      0xcae lib/read.o
 .debug_info    0x000000000000fda4      0xcb9 lib/write.o
 .debug_info    0x0000000000010a5d      0xc90 lib/close.o
 .debug_info    0x00000000000116ed      0xca0 lib/unlink.o
 .debug_info    0x000000000001238d      0xc82 lib/getpid.o
 .debug_info    0x000000000001300f      0xc35 lib/syslog.o
 .debug_info    0x0000000000013c44      0xc82 lib/fork.o
 .debug_info    0x00000000000148c6      0xc8d lib/exit.o
 .debug_info    0x0000000000015553      0xc9b lib/wait.o
 .debug_info    0x00000000000161ee      0xd6b mm/main.o
 .debug_info    0x0000000000016f59      0xe76 mm/forkexit.o
 .debug_info    0x0000000000017dcf     0x1157 fs/main.o
 .debug_info    0x0000000000018f26     0x10f1 fs/open.o
 .debug_info    0x000000000001a017      0xe6c fs/misc.o
 .debug_info    0x000000000001ae83      0xda4 fs/read_write.o
 .debug_info    0x000000000001bc27      0xe3e fs/link.o
 .debug_info    0x000000000001ca65     0x1415 fs/disklog.o

.debug_abbrev   0x0000000000000000     0x43cd
 *(.debug_abbrev)
 .debug_abbrev  0x0000000000000000      0x176 kernel/start.o
 .debug_abbrev  0x0000000000000176      0x218 kernel/main.o
 .debug_abbrev  0x000000000000038e      0x1cc kernel/clock.o
 .debug_abbrev  0x000000000000055a      0x23f kernel/keyboard.o
 .debug_abbrev  0x0000000000000799      0x2b7 kernel/tty.o
 .debug_abbrev  0x0000000000000a50      0x253 kernel/console.o
 .debug_abbrev  0x0000000000000ca3      0x1b2 kernel/i8259.o
 .debug_abbrev  0x0000000000000e55      0x176 kernel/global.o
 .debug_abbrev  0x0000000000000fcb      0x217 kernel/protect.o
 .debug_abbrev  0x00000000000011e2      0x2f5 kernel/proc.o
 .debug_abbrev  0x00000000000014d7      0x1e2 kernel/systask.o
 .debug_abbrev  0x00000000000016b9      0x318 kernel/hd.o
 .debug_abbrev  0x00000000000019d1      0x1b0 lib/printf.o
 .debug_abbrev  0x0000000000001b81      0x1db lib/vsprintf.o
 .debug_abbrev  0x0000000000001d5c      0x23b lib/klib.o
 .debug_abbrev  0x0000000000001f97      0x1bd lib/misc.o
 .debug_abbrev  0x0000000000002154      0x1b2 lib/open.o
 .debug_abbrev  0x0000000000002306      0x1c1 lib/read.o
 .debug_abbrev  0x00000000000024c7      0x1c8 lib/write.o
 .debug_abbrev  0x000000000000268f      0x1b0 lib/close.o
 .debug_abbrev  0x000000000000283f      0x1b2 lib/unlink.o
 .debug_abbrev  0x00000000000029f1      0x19d lib/getpid.o
 .debug_abbrev  0x0000000000002b8e      0x19b lib/syslog.o
 .debug_abbrev  0x0000000000002d29      0x19d lib/fork.o
 .debug_abbrev  0x0000000000002ec6      0x1ae lib/exit.o
 .debug_abbrev  0x0000000000003074      0x1b2 lib/wait.o
 .debug_abbrev  0x0000000000003226      0x22b mm/main.o
 .debug_abbrev  0x0000000000003451      0x24d mm/forkexit.o
 .debug_abbrev  0x000000000000369e      0x29b fs/main.o
 .debug_abbrev  0x0000000000003939      0x2b2 fs/open.o
 .debug_abbrev  0x0000000000003beb      0x1f4 fs/misc.o
 .debug_abbrev  0x0000000000003ddf      0x1c2 fs/read_write.o
 .debug_abbrev  0x0000000000003fa1      0x1b9 fs/link.o
 .debug_abbrev  0x000000000000415a      0x273 fs/disklog.o

.debug_line     0x0000000000000000     0x5386
 *(.debug_line .debug_line.* .debug_line_end)
 .debug_line    0x0000000000000000       0xd6 kernel/start.o
 .debug_line    0x00000000000000d6      0x297 kernel/main.o
 .debug_line    0x000000000000036d      0x112 kernel/clock.o
 .debug_line    0x000000000000047f      0x492 kernel/keyboard.o
 .debug_line    0x0000000000000911      0x4ac kernel/tty.o
 .debug_line    0x0000000000000dbd      0x423 kernel/console.o
 .debug_line    0x00000000000011e0       0xe2 kernel/i8259.o
 .debug_line    0x00000000000012c2       0x8f kernel/global.o
 .debug_line    0x0000000000001351      0x20b kernel/protect.o
 .debug_line    0x000000000000155c      0x791 kernel/proc.o
 .debug_line    0x0000000000001ced      0x159 kernel/systask.o
 .debug_line    0x0000000000001e46      0x64d kernel/hd.o
 .debug_line    0x0000000000002493       0xce lib/printf.o
 .debug_line    0x0000000000002561      0x23a lib/vsprintf.o
 .debug_line    0x000000000000279b      0x246 lib/klib.o
 .debug_line    0x00000000000029e1      0x1b9 lib/misc.o
 .debug_line    0x0000000000002b9a       0xc8 lib/open.o
 .debug_line    0x0000000000002c62       0xb6 lib/read.o
 .debug_line    0x0000000000002d18       0xb7 lib/write.o
 .debug_line    0x0000000000002dcf       0xb5 lib/close.o
 .debug_line    0x0000000000002e84       0xbe lib/unlink.o
 .debug_line    0x0000000000002f42       0xbe lib/getpid.o
 .debug_line    0x0000000000003000       0xb7 lib/syslog.o
 .debug_line    0x00000000000030b7       0xc5 lib/fork.o
 .debug_line    0x000000000000317c       0xbc lib/exit.o
 .debug_line    0x0000000000003238       0xc8 lib/wait.o
 .debug_line    0x0000000000003300      0x12e mm/main.o
 .debug_line    0x000000000000342e      0x2e8 mm/forkexit.o
 .debug_line    0x0000000000003716      0x654 fs/main.o
 .debug_line    0x0000000000003d6a      0x4bb fs/open.o
 .debug_line    0x0000000000004225      0x190 fs/misc.o
 .debug_line    0x00000000000043b5      0x272 fs/read_write.o
 .debug_line    0x0000000000004627      0x306 fs/link.o
 .debug_line    0x000000000000492d      0xa59 fs/disklog.o

.debug_frame
 *(.debug_frame)

.debug_str      0x0000000000000000     0x1622
 *(.debug_str)
 .debug_str     0x0000000000000000      0x58b kernel/start.o
                                        0x621 (size before relaxing)
 .debug_str     0x000000000000058b      0x120 kernel/main.o
                                        0x713 (size before relaxing)
 .debug_str     0x00000000000006ab       0x3e kernel/clock.o
                                        0x61b (size before relaxing)
 .debug_str     0x00000000000006e9      0x131 kernel/keyboard.o
                                        0x723 (size before relaxing)
 .debug_str     0x000000000000081a       0xb0 kernel/tty.o
                                        0x755 (size before relaxing)
 .debug_str     0x00000000000008ca       0xfa kernel/console.o
                                        0x6e1 (size before relaxing)
 .debug_str     0x00000000000009c4       0x37 kernel/i8259.o
                                        0x61c (size before relaxing)
 .debug_str     0x00000000000009fb       0x2b kernel/global.o
                                        0x608 (size before relaxing)
 .debug_str     0x0000000000000a26       0xc1 kernel/protect.o
                                        0x6b1 (size before relaxing)
 .debug_str     0x0000000000000ae7      0x10b kernel/proc.o
                                        0x7d2 (size before relaxing)
 .debug_str     0x0000000000000bf2       0x5c kernel/systask.o
                                        0x6ff (size before relaxing)
 .debug_str     0x0000000000000c4e      0x235 kernel/hd.o
                                        0x90e (size before relaxing)
 .debug_str     0x0000000000000e83       0x14 lib/printf.o
                                        0x600 (size before relaxing)
 .debug_str     0x0000000000000e97       0x3b lib/vsprintf.o
                                        0x62d (size before relaxing)
 .debug_str     0x0000000000000ed2      0x1bb lib/klib.o
                                        0x7f6 (size before relaxing)
 .debug_str     0x000000000000108d       0x50 lib/misc.o
                                        0x632 (size before relaxing)
 .debug_str     0x00000000000010dd       0x14 lib/open.o
                                        0x6b7 (size before relaxing)
 .debug_str     0x00000000000010f1        0xb lib/read.o
                                        0x6b4 (size before relaxing)
 .debug_str     0x00000000000010fc        0xc lib/write.o
                                        0x6b6 (size before relaxing)
 .debug_str     0x0000000000001108        0xc lib/close.o
                                        0x6b0 (size before relaxing)
 .debug_str     0x0000000000001114        0xd lib/unlink.o
                                        0x6bb (size before relaxing)
 .debug_str     0x0000000000001121       0x14 lib/getpid.o
                                        0x6b2 (size before relaxing)
 .debug_str     0x0000000000001135       0x14 lib/syslog.o
                                        0x5f9 (size before relaxing)
 .debug_str     0x0000000000001149        0xb lib/fork.o
                                        0x6ae (size before relaxing)
 .debug_str     0x0000000000001154        0xb lib/exit.o
                                        0x6b5 (size before relaxing)
 .debug_str     0x000000000000115f        0xb lib/wait.o
                                        0x6b5 (size before relaxing)
 .debug_str     0x000000000000116a       0x3b mm/main.o
                                        0x6ff (size before relaxing)
 .debug_str     0x00000000000011a5       0xd3 mm/forkexit.o
                                        0x77f (size before relaxing)
 .debug_str     0x0000000000001278       0xc1 fs/main.o
                                        0x7fc (size before relaxing)
 .debug_str     0x0000000000001339      0x104 fs/open.o
                                        0x7d9 (size before relaxing)
 .debug_str     0x000000000000143d       0x29 fs/misc.o
                                        0x794 (size before relaxing)
 .debug_str     0x0000000000001466       0x47 fs/read_write.o
                                        0x6fc (size before relaxing)
 .debug_str     0x00000000000014ad       0x41 fs/link.o
                                        0x743 (size before relaxing)
 .debug_str     0x00000000000014ee      0x134 fs/disklog.o
                                        0x934 (size before relaxing)

.debug_loc
 *(.debug_loc)

.debug_macinfo
 *(.debug_macinfo)

.debug_weaknames
 *(.debug_weaknames)

.debug_funcnames
 *(.debug_funcnames)

.debug_typenames
 *(.debug_typenames)

.debug_varnames
 *(.debug_varnames)

.debug_pubtypes
 *(.debug_pubtypes)

.debug_ranges   0x0000000000000000       0x30
 *(.debug_ranges)
 .debug_ranges  0x0000000000000000       0x30 kernel/hd.o

.debug_macro
 *(.debug_macro)

.debug_addr
 *(.debug_addr)

.gnu.attributes
 *(.gnu.attributes)

/DISCARD/
 *(.note.GNU-stack)
 *(.gnu_debuglink)
 *(.gnu.lto_*)
 *(.gnu_object_only)
OUTPUT(kernel.bin elf32-i386)
