Archive member included to satisfy reference by file (symbol)

lib/orangescrt.a(printf.o)    kernel/main.o (printf)
lib/orangescrt.a(vsprintf.o)  kernel/main.o (vsprintf)
lib/orangescrt.a(string.o)    kernel/start.o (memcpy)
lib/orangescrt.a(misc.o)      kernel/main.o (send_recv)
lib/orangescrt.a(open.o)      kernel/main.o (open)
lib/orangescrt.a(read.o)      kernel/main.o (read)
lib/orangescrt.a(write.o)     kernel/main.o (write)
lib/orangescrt.a(close.o)     kernel/main.o (close)
lib/orangescrt.a(getpid.o)    fs/disklog.o (getpid)
lib/orangescrt.a(syscall.o)   lib/orangescrt.a(misc.o) (sendrec)

Allocating common symbols
Common symbol       size              file

idt_ptr             0x6               kernel/global.o
inode_table         0xb00             kernel/global.o
task_stack          0x24000           kernel/global.o
k_reenter           0x4               kernel/global.o
gdt                 0x400             kernel/global.o
current_console     0x4               kernel/global.o
pcaller             0x4               kernel/global.o
tty_table           0xc6c             kernel/global.o
tss                 0x68              kernel/global.o
fs_msg              0x30              kernel/global.o
memory_size         0x4               kernel/global.o
f_desc_table        0x400             kernel/global.o
root_inode          0x4               kernel/global.o
disp_pos            0x4               kernel/global.o
mm_msg              0x30              kernel/global.o
key_pressed         0x4               kernel/global.o
gdt_ptr             0x6               kernel/global.o
idt                 0x800             kernel/global.o
super_block         0x1e0             kernel/global.o
PARTITION_ENTRY     0x10              kernel/hd.o
ticks               0x4               kernel/global.o
console_table       0x3c              kernel/global.o
irq_table           0x40              kernel/global.o
p_proc_ready        0x4               kernel/global.o
proc_table          0x3af8            kernel/global.o

Discarded input sections

 .note.GNU-stack
                0x0000000000000000        0x0 kernel/start.o
 .note.GNU-stack
                0x0000000000000000        0x0 kernel/main.o
 .note.GNU-stack
                0x0000000000000000        0x0 kernel/clock.o
 .note.GNU-stack
                0x0000000000000000        0x0 kernel/keyboard.o
 .note.GNU-stack
                0x0000000000000000        0x0 kernel/tty.o
 .note.GNU-stack
                0x0000000000000000        0x0 kernel/console.o
 .note.GNU-stack
                0x0000000000000000        0x0 kernel/i8259.o
 .note.GNU-stack
                0x0000000000000000        0x0 kernel/global.o
 .note.GNU-stack
                0x0000000000000000        0x0 kernel/protect.o
 .note.GNU-stack
                0x0000000000000000        0x0 kernel/proc.o
 .note.GNU-stack
                0x0000000000000000        0x0 kernel/systask.o
 .note.GNU-stack
                0x0000000000000000        0x0 kernel/hd.o
 .note.GNU-stack
                0x0000000000000000        0x0 kernel/klib.o
 .note.GNU-stack
                0x0000000000000000        0x0 lib/syslog.o
 .note.GNU-stack
                0x0000000000000000        0x0 mm/main.o
 .note.GNU-stack
                0x0000000000000000        0x0 mm/forkexit.o
 .note.GNU-stack
                0x0000000000000000        0x0 fs/main.o
 .note.GNU-stack
                0x0000000000000000        0x0 fs/open.o
 .note.GNU-stack
                0x0000000000000000        0x0 fs/misc.o
 .note.GNU-stack
                0x0000000000000000        0x0 fs/read_write.o
 .note.GNU-stack
                0x0000000000000000        0x0 fs/link.o
 .note.GNU-stack
                0x0000000000000000        0x0 fs/disklog.o
 .note.GNU-stack
                0x0000000000000000        0x0 lib/orangescrt.a(printf.o)
 .note.GNU-stack
                0x0000000000000000        0x0 lib/orangescrt.a(vsprintf.o)
 .note.GNU-stack
                0x0000000000000000        0x0 lib/orangescrt.a(misc.o)
 .note.GNU-stack
                0x0000000000000000        0x0 lib/orangescrt.a(open.o)
 .note.GNU-stack
                0x0000000000000000        0x0 lib/orangescrt.a(read.o)
 .note.GNU-stack
                0x0000000000000000        0x0 lib/orangescrt.a(write.o)
 .note.GNU-stack
                0x0000000000000000        0x0 lib/orangescrt.a(close.o)
 .note.GNU-stack
                0x0000000000000000        0x0 lib/orangescrt.a(getpid.o)

Memory Configuration

Name             Origin             Length             Attributes
*default*        0x0000000000000000 0xffffffffffffffff

Linker script and memory map

Address of section .text set to 0x1000
LOAD kernel/kernel.o
LOAD kernel/start.o
LOAD kernel/main.o
LOAD kernel/clock.o
LOAD kernel/keyboard.o
LOAD kernel/tty.o
LOAD kernel/console.o
LOAD kernel/i8259.o
LOAD kernel/global.o
LOAD kernel/protect.o
LOAD kernel/proc.o
LOAD kernel/systask.o
LOAD kernel/hd.o
LOAD kernel/kliba.o
LOAD kernel/klib.o
LOAD lib/syslog.o
LOAD mm/main.o
LOAD mm/forkexit.o
LOAD fs/main.o
LOAD fs/open.o
LOAD fs/misc.o
LOAD fs/read_write.o
LOAD fs/link.o
LOAD fs/disklog.o
LOAD lib/orangescrt.a
                [!provide]                        PROVIDE (__executable_start = SEGMENT_START ("text-segment", 0x8048000))
                0x0000000008048094                . = (SEGMENT_START ("text-segment", 0x8048000) + SIZEOF_HEADERS)

.interp
 *(.interp)

.note.gnu.build-id
 *(.note.gnu.build-id)

.hash
 *(.hash)

.gnu.hash
 *(.gnu.hash)

.dynsym
 *(.dynsym)

.dynstr
 *(.dynstr)

.gnu.version
 *(.gnu.version)

.gnu.version_d
 *(.gnu.version_d)

.gnu.version_r
 *(.gnu.version_r)

.rel.dyn        0x0000000008048094        0x0
 *(.rel.init)
 *(.rel.text .rel.text.* .rel.gnu.linkonce.t.*)
 .rel.text      0x0000000008048094        0x0 kernel/kernel.o
 *(.rel.fini)
 *(.rel.rodata .rel.rodata.* .rel.gnu.linkonce.r.*)
 *(.rel.data.rel.ro .rel.data.rel.ro.* .rel.gnu.linkonce.d.rel.ro.*)
 *(.rel.data .rel.data.* .rel.gnu.linkonce.d.*)
 *(.rel.tdata .rel.tdata.* .rel.gnu.linkonce.td.*)
 *(.rel.tbss .rel.tbss.* .rel.gnu.linkonce.tb.*)
 *(.rel.ctors)
 *(.rel.dtors)
 *(.rel.got)
 .rel.got       0x0000000008048094        0x0 kernel/kernel.o
 *(.rel.bss .rel.bss.* .rel.gnu.linkonce.b.*)
 *(.rel.ifunc)

.rel.plt        0x0000000008048094        0x0
 *(.rel.plt)
                [!provide]                        PROVIDE (__rel_iplt_start = .)
 *(.rel.iplt)
 .rel.iplt      0x0000000008048094        0x0 kernel/kernel.o
                [!provide]                        PROVIDE (__rel_iplt_end = .)

.init
 *(SORT_NONE(.init))

.plt            0x0000000008048098        0x0
 *(.plt)
 *(.iplt)
 .iplt          0x0000000008048098        0x0 kernel/kernel.o

.plt.got
 *(.plt.got)

.plt.sec
 *(.plt.sec)

.text           0x0000000000001000     0xb058
 *(.text.unlikely .text.*_unlikely .text.unlikely.*)
 *(.text.exit .text.exit.*)
 *(.text.startup .text.startup.*)
 *(.text.hot .text.hot.*)
 *(.text .stub .text.* .gnu.linkonce.t.*)
 .text          0x0000000000001000      0x410 kernel/kernel.o
                0x0000000000001000                _start
                0x0000000000001040                hwint00
                0x0000000000001070                hwint01
                0x00000000000010a0                hwint02
                0x00000000000010d0                hwint03
                0x0000000000001100                hwint04
                0x0000000000001130                hwint05
                0x0000000000001160                hwint06
                0x0000000000001190                hwint07
                0x00000000000011c0                hwint08
                0x00000000000011f0                hwint09
                0x0000000000001220                hwint10
                0x0000000000001250                hwint11
                0x0000000000001280                hwint12
                0x00000000000012b0                hwint13
                0x00000000000012e0                hwint14
                0x0000000000001310                hwint15
                0x0000000000001334                divide_error
                0x000000000000133a                single_step_exception
                0x0000000000001340                nmi
                0x0000000000001346                breakpoint_exception
                0x000000000000134c                overflow
                0x0000000000001352                bounds_check
                0x0000000000001358                inval_opcode
                0x000000000000135e                copr_not_available
                0x0000000000001364                double_fault
                0x0000000000001368                copr_seg_overrun
                0x000000000000136e                inval_tss
                0x0000000000001372                segment_not_present
                0x0000000000001376                stack_exception
                0x000000000000137a                general_protection
                0x000000000000137e                page_fault
                0x0000000000001382                copr_error
                0x00000000000013cb                sys_call
                0x00000000000013eb                restart
 .text          0x0000000000001410       0x95 kernel/start.o
                0x0000000000001410                cstart
 .text          0x00000000000014a5      0x60c kernel/main.o
                0x00000000000014a5                kernel_main
                0x00000000000017c0                get_ticks
                0x00000000000017f4                untar
                0x00000000000019b2                Init
                0x0000000000001a59                TestA
                0x0000000000001a5e                TestB
                0x0000000000001a63                TestC
                0x0000000000001a68                panic
 .text          0x0000000000001ab1       0xfd kernel/clock.o
                0x0000000000001ab1                clock_handler
                0x0000000000001b2c                milli_delay
                0x0000000000001b56                init_clock
 .text          0x0000000000001bae      0x6e2 kernel/keyboard.o
                0x0000000000001bae                keyboard_handler
                0x0000000000001c18                init_keyboard
                0x0000000000001cc7                keyboard_read
 .text          0x0000000000002290      0xa44 kernel/tty.o
                0x0000000000002290                task_tty
                0x0000000000002481                in_process
                0x00000000000029da                sys_printx
                0x0000000000002b77                dump_tty_buf
 .text          0x0000000000002cd4      0x7d7 kernel/console.o
                0x0000000000002cd4                init_screen
                0x0000000000002e48                out_char
                0x0000000000003125                is_current_console
                0x0000000000003218                select_console
                0x0000000000003258                scroll_screen
 .text          0x00000000000034ab      0x130 kernel/i8259.o
                0x00000000000034ab                init_8259A
                0x0000000000003580                spurious_irq
                0x00000000000035b7                put_irq_handler
 .text          0x00000000000035db        0x0 kernel/global.o
 .text          0x00000000000035db      0x65a kernel/protect.o
                0x00000000000035db                init_prot
                0x0000000000003a3e                seg2linear
                0x0000000000003a8d                init_desc
                0x0000000000003afa                exception_handler
 .text          0x0000000000003c35     0x15df kernel/proc.o
                0x0000000000003c35                schedule
                0x0000000000003cc1                sys_sendrec
                0x0000000000003ddf                ldt_seg_linear
                0x0000000000003e29                va2la
                0x0000000000003e8a                reset_msg
                0x0000000000004c5c                inform_int
                0x0000000000004dcc                dump_proc
                0x0000000000005106                dump_msg
 .text          0x0000000000005214      0x2bc kernel/systask.o
                0x0000000000005214                task_sys
 .text          0x00000000000054d0      0xe13 kernel/hd.o
                0x00000000000054d0                task_hd
                0x00000000000062b8                hd_handler
 *fill*         0x00000000000062e3        0xd 
 .text          0x00000000000062f0      0x19a kernel/kliba.o
                0x00000000000062f0                disp_str
                0x000000000000632e                disp_color_str
                0x000000000000636d                out_byte
                0x0000000000006379                in_byte
                0x0000000000006383                port_read
                0x0000000000006396                port_write
                0x00000000000063a9                disable_irq
                0x00000000000063de                enable_irq
                0x00000000000063fd                disable_int
                0x00000000000063ff                enable_int
                0x0000000000006401                glitter
 .text          0x000000000000648a      0x2af kernel/klib.o
                0x000000000000648a                get_boot_params
                0x0000000000006510                get_kernel_map
                0x0000000000006620                itoa
                0x00000000000066cb                disp_int
                0x00000000000066f2                delay
 .text          0x0000000000006739       0x6f lib/syslog.o
                0x0000000000006739                syslog
 .text          0x00000000000067a8      0x1a4 mm/main.o
                0x00000000000067a8                task_mm
                0x00000000000068c7                alloc_mem
                0x0000000000006942                free_mem
 .text          0x000000000000694c      0x5d8 mm/forkexit.o
                0x000000000000694c                do_fork
                0x0000000000006ca7                do_exit
                0x0000000000006e6e                do_wait
 .text          0x0000000000006f24     0x1077 fs/main.o
                0x0000000000006f24                task_fs
                0x000000000000799b                rw_sector
                0x0000000000007ba3                get_super_block
                0x0000000000007be9                get_inode
                0x0000000000007d4c                put_inode
                0x0000000000007d8a                sync_inode
 .text          0x0000000000007f9b      0xaa0 fs/open.o
                0x0000000000007f9b                do_open
                0x00000000000083d1                do_close
                0x000000000000844c                do_lseek
 .text          0x0000000000008a3b      0x1dd fs/misc.o
                0x0000000000008a3b                search_file
                0x0000000000008b91                strip_path
 .text          0x0000000000008c18      0x496 fs/read_write.o
                0x0000000000008c18                do_rdwt
 .text          0x00000000000090ae      0x812 fs/link.o
                0x00000000000090ae                do_unlink
 .text          0x00000000000098c0     0x1fa9 fs/disklog.o
                0x00000000000098c0                disklog
                0x0000000000009e2e                dump_fd_graph
 .text          0x000000000000b869       0xad lib/orangescrt.a(printf.o)
                0x000000000000b869                printf
                0x000000000000b8d4                printl
 .text          0x000000000000b916      0x309 lib/orangescrt.a(vsprintf.o)
                0x000000000000b97c                vsprintf
                0x000000000000bbf9                sprintf
 *fill*         0x000000000000bc1f        0x1 
 .text          0x000000000000bc20       0x78 lib/orangescrt.a(string.o)
                0x000000000000bc20                memcpy
                0x000000000000bc49                memset
                0x000000000000bc6a                strcpy
                0x000000000000bc82                strlen
 .text          0x000000000000bc98      0x24e lib/orangescrt.a(misc.o)
                0x000000000000bc98                send_recv
                0x000000000000bd52                memcmp
                0x000000000000bdc4                strcmp
                0x000000000000be33                strcat
                0x000000000000be92                spin
                0x000000000000bead                assertion_failure
 .text          0x000000000000bee6       0x63 lib/orangescrt.a(open.o)
                0x000000000000bee6                open
 .text          0x000000000000bf49       0x37 lib/orangescrt.a(read.o)
                0x000000000000bf49                read
 .text          0x000000000000bf80       0x37 lib/orangescrt.a(write.o)
                0x000000000000bf80                write
 .text          0x000000000000bfb7       0x2b lib/orangescrt.a(close.o)
                0x000000000000bfb7                close
 .text          0x000000000000bfe2       0x46 lib/orangescrt.a(getpid.o)
                0x000000000000bfe2                getpid
 *fill*         0x000000000000c028        0x8 
 .text          0x000000000000c030       0x28 lib/orangescrt.a(syscall.o)
                0x000000000000c030                sendrec
                0x000000000000c04a                printx
 *(.gnu.warning)

.fini
 *(SORT_NONE(.fini))
                [!provide]                        PROVIDE (__etext = .)
                [!provide]                        PROVIDE (_etext = .)
                [!provide]                        PROVIDE (etext = .)

.rodata         0x000000000000c060     0x2369
 *(.rodata .rodata.* .gnu.linkonce.r.*)
 .rodata        0x000000000000c060       0x47 kernel/start.o
 *fill*         0x000000000000c0a7        0x1 
 .rodata        0x000000000000c0a8      0x11a kernel/main.o
 *fill*         0x000000000000c1c2        0x2 
 .rodata        0x000000000000c1c4       0x64 kernel/keyboard.o
 .rodata        0x000000000000c228      0x168 kernel/tty.o
 .rodata        0x000000000000c390       0x5b kernel/console.o
 .rodata        0x000000000000c3eb       0x11 kernel/i8259.o
 .rodata        0x000000000000c3fc       0x10 kernel/global.o
                0x000000000000c3fc                FSBUF_SIZE
                0x000000000000c400                MMBUF_SIZE
                0x000000000000c404                LOGBUF_SIZE
                0x000000000000c408                LOGDISKBUF_SIZE
 *fill*         0x000000000000c40c       0x14 
 .rodata        0x000000000000c420      0x580 kernel/protect.o
 .rodata        0x000000000000c9a0      0x5da kernel/proc.o
 .rodata        0x000000000000cf7a       0x11 kernel/systask.o
 *fill*         0x000000000000cf8b        0x1 
 .rodata        0x000000000000cf8c      0x1df kernel/hd.o
 *fill*         0x000000000000d16b        0x1 
 .rodata        0x000000000000d16c       0x6a kernel/klib.o
 .rodata        0x000000000000d1d6       0x1e lib/syslog.o
 .rodata        0x000000000000d1f4       0xb1 mm/main.o
 *fill*         0x000000000000d2a5        0x3 
 .rodata        0x000000000000d2a8      0x108 mm/forkexit.o
 .rodata        0x000000000000d3b0      0x2b6 fs/main.o
 *fill*         0x000000000000d666        0x2 
 .rodata        0x000000000000d668      0x13c fs/open.o
 .rodata        0x000000000000d7a4      0x164 fs/read_write.o
 .rodata        0x000000000000d908      0x1ad fs/link.o
 *fill*         0x000000000000dab5        0x3 
 .rodata        0x000000000000dab8      0x806 fs/disklog.o
 .rodata        0x000000000000e2be       0x14 lib/orangescrt.a(printf.o)
 *fill*         0x000000000000e2d2        0x2 
 .rodata        0x000000000000e2d4       0xad lib/orangescrt.a(misc.o)
 .rodata        0x000000000000e381       0x23 lib/orangescrt.a(open.o)
 .rodata        0x000000000000e3a4       0x25 lib/orangescrt.a(getpid.o)

.rodata1
 *(.rodata1)

.eh_frame_hdr
 *(.eh_frame_hdr)
 *(.eh_frame_entry .eh_frame_entry.*)

.eh_frame       0x000000000000e3cc     0x1144
 *(.eh_frame)
 .eh_frame      0x000000000000e3cc       0x38 kernel/start.o
 .eh_frame      0x000000000000e404       0xf0 kernel/main.o
                                        0x108 (size before relaxing)
 .eh_frame      0x000000000000e4f4       0x60 kernel/clock.o
                                         0x78 (size before relaxing)
 .eh_frame      0x000000000000e554       0xe0 kernel/keyboard.o
                                         0xf8 (size before relaxing)
 .eh_frame      0x000000000000e634      0x13c kernel/tty.o
                                        0x154 (size before relaxing)
 .eh_frame      0x000000000000e770      0x140 kernel/console.o
                                        0x158 (size before relaxing)
 .eh_frame      0x000000000000e8b0       0x60 kernel/i8259.o
                                         0x78 (size before relaxing)
 .eh_frame      0x000000000000e910       0xb0 kernel/protect.o
                                         0xc8 (size before relaxing)
 .eh_frame      0x000000000000e9c0      0x1b8 kernel/proc.o
                                        0x1d0 (size before relaxing)
 .eh_frame      0x000000000000eb78       0x5c kernel/systask.o
                                         0x74 (size before relaxing)
 .eh_frame      0x000000000000ebd4      0x1f4 kernel/hd.o
                                        0x20c (size before relaxing)
 .eh_frame      0x000000000000edc8       0xa0 kernel/klib.o
                                         0xb8 (size before relaxing)
 .eh_frame      0x000000000000ee68       0x20 lib/syslog.o
                                         0x38 (size before relaxing)
 .eh_frame      0x000000000000ee88       0x7c mm/main.o
                                         0x94 (size before relaxing)
 .eh_frame      0x000000000000ef04       0x90 mm/forkexit.o
                                         0xa8 (size before relaxing)
 .eh_frame      0x000000000000ef94      0x170 fs/main.o
                                        0x188 (size before relaxing)
 .eh_frame      0x000000000000f104      0x110 fs/open.o
                                        0x128 (size before relaxing)
 .eh_frame      0x000000000000f214       0x44 fs/misc.o
                                         0x5c (size before relaxing)
 .eh_frame      0x000000000000f258       0x2c fs/read_write.o
                                         0x44 (size before relaxing)
 .eh_frame      0x000000000000f284       0x2c fs/link.o
                                         0x44 (size before relaxing)
 .eh_frame      0x000000000000f2b0       0x60 fs/disklog.o
                                         0x78 (size before relaxing)
 .eh_frame      0x000000000000f310       0x40 lib/orangescrt.a(printf.o)
                                         0x58 (size before relaxing)
 .eh_frame      0x000000000000f350       0x64 lib/orangescrt.a(vsprintf.o)
                                         0x7c (size before relaxing)
 .eh_frame      0x000000000000f3b4       0xbc lib/orangescrt.a(misc.o)
                                         0xd4 (size before relaxing)
 .eh_frame      0x000000000000f470       0x20 lib/orangescrt.a(open.o)
                                         0x38 (size before relaxing)
 .eh_frame      0x000000000000f490       0x20 lib/orangescrt.a(read.o)
                                         0x38 (size before relaxing)
 .eh_frame      0x000000000000f4b0       0x20 lib/orangescrt.a(write.o)
                                         0x38 (size before relaxing)
 .eh_frame      0x000000000000f4d0       0x20 lib/orangescrt.a(close.o)
                                         0x38 (size before relaxing)
 .eh_frame      0x000000000000f4f0       0x20 lib/orangescrt.a(getpid.o)
                                         0x38 (size before relaxing)
 *(.eh_frame.*)

.gcc_except_table
 *(.gcc_except_table .gcc_except_table.*)

.gnu_extab
 *(.gnu_extab*)

.exception_ranges
 *(.exception_ranges .exception_ranges*)
                0x0000000000011000                . = DATA_SEGMENT_ALIGN (CONSTANT (MAXPAGESIZE), CONSTANT (COMMONPAGESIZE))

.eh_frame
 *(.eh_frame)
 *(.eh_frame.*)

.gnu_extab
 *(.gnu_extab)

.gcc_except_table
 *(.gcc_except_table .gcc_except_table.*)

.exception_ranges
 *(.exception_ranges .exception_ranges*)

.tdata
 *(.tdata .tdata.* .gnu.linkonce.td.*)

.tbss
 *(.tbss .tbss.* .gnu.linkonce.tb.*)
 *(.tcommon)

.preinit_array  0x0000000000011000        0x0
                [!provide]                        PROVIDE (__preinit_array_start = .)
 *(.preinit_array)
                [!provide]                        PROVIDE (__preinit_array_end = .)

.init_array     0x0000000000011000        0x0
                [!provide]                        PROVIDE (__init_array_start = .)
 *(SORT_BY_INIT_PRIORITY(.init_array.*) SORT_BY_INIT_PRIORITY(.ctors.*))
 *(.init_array EXCLUDE_FILE(*crtend?.o *crtend.o *crtbegin?.o *crtbegin.o) .ctors)
                [!provide]                        PROVIDE (__init_array_end = .)

.fini_array     0x0000000000011000        0x0
                [!provide]                        PROVIDE (__fini_array_start = .)
 *(SORT_BY_INIT_PRIORITY(.fini_array.*) SORT_BY_INIT_PRIORITY(.dtors.*))
 *(.fini_array EXCLUDE_FILE(*crtend?.o *crtend.o *crtbegin?.o *crtbegin.o) .dtors)
                [!provide]                        PROVIDE (__fini_array_end = .)

.ctors
 *crtbegin.o(.ctors)
 *crtbegin?.o(.ctors)
 *(EXCLUDE_FILE(*crtend?.o *crtend.o) .ctors)
 *(SORT_BY_NAME(.ctors.*))
 *(.ctors)

.dtors
 *crtbegin.o(.dtors)
 *crtbegin?.o(.dtors)
 *(EXCLUDE_FILE(*crtend?.o *crtend.o) .dtors)
 *(SORT_BY_NAME(.dtors.*))
 *(.dtors)

.jcr
 *(.jcr)

.data.rel.ro
 *(.data.rel.ro.local* .gnu.linkonce.d.rel.ro.local.*)
 *(.data.rel.ro .data.rel.ro.* .gnu.linkonce.d.rel.ro.*)

.dynamic
 *(.dynamic)

.got            0x0000000000011000        0x0
 *(.got)
 .got           0x0000000000011000        0x0 kernel/kernel.o
 *(.igot)
                0x0000000000011000                . = DATA_SEGMENT_RELRO_END (., (SIZEOF (.got.plt) >= 0xc)?0xc:0x0)

.got.plt        0x0000000000011000        0x0
 *(.got.plt)
 .got.plt       0x0000000000011000        0x0 kernel/kernel.o
 *(.igot.plt)
 .igot.plt      0x0000000000011000        0x0 kernel/kernel.o

.data           0x0000000000011000      0x814
 *(.data .data.* .gnu.linkonce.d.*)
 .data          0x0000000000011000        0x2 kernel/kernel.o
 .data          0x0000000000011002        0x0 kernel/start.o
 .data          0x0000000000011002        0x0 kernel/main.o
 .data          0x0000000000011002        0x0 kernel/clock.o
 *fill*         0x0000000000011002       0x1e 
 .data          0x0000000000011020      0x600 kernel/keyboard.o
                0x0000000000011020                keymap
 .data          0x0000000000011620       0x22 kernel/tty.o
 .data          0x0000000000011642        0x0 kernel/console.o
 .data          0x0000000000011642        0x0 kernel/i8259.o
 *fill*         0x0000000000011642       0x1e 
 .data          0x0000000000011660      0x1b4 kernel/global.o
                0x0000000000011660                task_table
                0x0000000000011740                user_proc_table
                0x00000000000117e0                sys_call_table
                0x00000000000117ec                dd_map
                0x0000000000011804                fsbuf
                0x0000000000011808                mmbuf
                0x000000000001180c                logbuf
                0x0000000000011810                logdiskbuf
 .data          0x0000000000011814        0x0 kernel/protect.o
 .data          0x0000000000011814        0x0 kernel/proc.o
 .data          0x0000000000011814        0x0 kernel/systask.o
 .data          0x0000000000011814        0x0 kernel/hd.o
 .data          0x0000000000011814        0x0 kernel/klib.o
 .data          0x0000000000011814        0x0 lib/syslog.o
 .data          0x0000000000011814        0x0 mm/main.o
 .data          0x0000000000011814        0x0 mm/forkexit.o
 .data          0x0000000000011814        0x0 fs/main.o
 .data          0x0000000000011814        0x0 fs/open.o
 .data          0x0000000000011814        0x0 fs/misc.o
 .data          0x0000000000011814        0x0 fs/read_write.o
 .data          0x0000000000011814        0x0 fs/link.o
 .data          0x0000000000011814        0x0 fs/disklog.o
 .data          0x0000000000011814        0x0 lib/orangescrt.a(printf.o)
 .data          0x0000000000011814        0x0 lib/orangescrt.a(vsprintf.o)
 .data          0x0000000000011814        0x0 lib/orangescrt.a(misc.o)
 .data          0x0000000000011814        0x0 lib/orangescrt.a(open.o)
 .data          0x0000000000011814        0x0 lib/orangescrt.a(read.o)
 .data          0x0000000000011814        0x0 lib/orangescrt.a(write.o)
 .data          0x0000000000011814        0x0 lib/orangescrt.a(close.o)
 .data          0x0000000000011814        0x0 lib/orangescrt.a(getpid.o)

.data1
 *(.data1)
                0x0000000000011814                _edata = .
                [!provide]                        PROVIDE (edata = .)
                0x0000000000011814                . = .
                0x0000000000011814                __bss_start = .

.bss            0x0000000000011820    0x2b788
 *(.dynbss)
 *(.bss .bss.* .gnu.linkonce.b.*)
 .bss           0x0000000000011820      0x800 kernel/kernel.o
 .bss           0x0000000000012020        0x0 kernel/start.o
 .bss           0x0000000000012020        0x0 kernel/main.o
 .bss           0x0000000000012020        0x0 kernel/clock.o
 .bss           0x0000000000012020       0x58 kernel/keyboard.o
 .bss           0x0000000000012078        0x0 kernel/tty.o
 .bss           0x0000000000012078        0x0 kernel/console.o
 .bss           0x0000000000012078        0x0 kernel/i8259.o
 .bss           0x0000000000012078        0x0 kernel/global.o
 .bss           0x0000000000012078        0x0 kernel/protect.o
 .bss           0x0000000000012078        0x0 kernel/proc.o
 .bss           0x0000000000012078        0x0 kernel/systask.o
 *fill*         0x0000000000012078        0x8 
 .bss           0x0000000000012080      0x64c kernel/hd.o
 .bss           0x00000000000126cc        0x0 kernel/klib.o
 .bss           0x00000000000126cc        0x0 lib/syslog.o
 .bss           0x00000000000126cc        0x0 mm/main.o
 .bss           0x00000000000126cc        0x0 mm/forkexit.o
 .bss           0x00000000000126cc        0x0 fs/main.o
 .bss           0x00000000000126cc        0x0 fs/open.o
 .bss           0x00000000000126cc        0x0 fs/misc.o
 .bss           0x00000000000126cc        0x0 fs/read_write.o
 .bss           0x00000000000126cc        0x0 fs/link.o
 *fill*         0x00000000000126cc       0x14 
 .bss           0x00000000000126e0      0x208 fs/disklog.o
 .bss           0x00000000000128e8        0x0 lib/orangescrt.a(printf.o)
 .bss           0x00000000000128e8        0x0 lib/orangescrt.a(vsprintf.o)
 .bss           0x00000000000128e8        0x0 lib/orangescrt.a(misc.o)
 .bss           0x00000000000128e8        0x0 lib/orangescrt.a(open.o)
 .bss           0x00000000000128e8        0x0 lib/orangescrt.a(read.o)
 .bss           0x00000000000128e8        0x0 lib/orangescrt.a(write.o)
 .bss           0x00000000000128e8        0x0 lib/orangescrt.a(close.o)
 .bss           0x00000000000128e8        0x0 lib/orangescrt.a(getpid.o)
 *(COMMON)
 *fill*         0x00000000000128e8       0x18 
 COMMON         0x0000000000012900    0x2a698 kernel/global.o
                0x0000000000012900                idt_ptr
                0x0000000000012920                inode_table
                0x0000000000013420                task_stack
                0x0000000000037420                k_reenter
                0x0000000000037440                gdt
                0x0000000000037840                current_console
                0x0000000000037844                pcaller
                0x0000000000037860                tty_table
                0x00000000000384e0                tss
                0x0000000000038560                fs_msg
                0x0000000000038590                memory_size
                0x00000000000385a0                f_desc_table
                0x00000000000389a0                root_inode
                0x00000000000389a4                disp_pos
                0x00000000000389c0                mm_msg
                0x00000000000389f0                key_pressed
                0x00000000000389f4                gdt_ptr
                0x0000000000038a00                idt
                0x0000000000039200                super_block
                0x00000000000393e0                ticks
                0x0000000000039400                console_table
                0x0000000000039440                irq_table
                0x0000000000039480                p_proc_ready
                0x00000000000394a0                proc_table
 COMMON         0x000000000003cf98       0x10 kernel/hd.o
                0x000000000003cf98                PARTITION_ENTRY
                0x000000000003cfa8                . = ALIGN ((. != 0x0)?0x4:0x1)
                0x000000000003cfa8                . = ALIGN (0x4)
                0x000000000003cfa8                . = SEGMENT_START ("ldata-segment", .)
                0x000000000003cfa8                . = ALIGN (0x4)
                0x000000000003cfa8                _end = .
                [!provide]                        PROVIDE (end = .)
                0x000000000003cfa8                . = DATA_SEGMENT_END (.)

.stab
 *(.stab)

.stabstr
 *(.stabstr)

.stab.excl
 *(.stab.excl)

.stab.exclstr
 *(.stab.exclstr)

.stab.index
 *(.stab.index)

.stab.indexstr
 *(.stab.indexstr)

.comment        0x0000000000000000       0x2c
 *(.comment)
 .comment       0x0000000000000000       0x2c kernel/start.o
                                         0x2d (size before relaxing)
 .comment       0x000000000000002c       0x2d kernel/main.o
 .comment       0x000000000000002c       0x2d kernel/clock.o
 .comment       0x000000000000002c       0x2d kernel/keyboard.o
 .comment       0x000000000000002c       0x2d kernel/tty.o
 .comment       0x000000000000002c       0x2d kernel/console.o
 .comment       0x000000000000002c       0x2d kernel/i8259.o
 .comment       0x000000000000002c       0x2d kernel/global.o
 .comment       0x000000000000002c       0x2d kernel/protect.o
 .comment       0x000000000000002c       0x2d kernel/proc.o
 .comment       0x000000000000002c       0x2d kernel/systask.o
 .comment       0x000000000000002c       0x2d kernel/hd.o
 .comment       0x000000000000002c       0x2d kernel/klib.o
 .comment       0x000000000000002c       0x2d lib/syslog.o
 .comment       0x000000000000002c       0x2d mm/main.o
 .comment       0x000000000000002c       0x2d mm/forkexit.o
 .comment       0x000000000000002c       0x2d fs/main.o
 .comment       0x000000000000002c       0x2d fs/open.o
 .comment       0x000000000000002c       0x2d fs/misc.o
 .comment       0x000000000000002c       0x2d fs/read_write.o
 .comment       0x000000000000002c       0x2d fs/link.o
 .comment       0x000000000000002c       0x2d fs/disklog.o
 .comment       0x000000000000002c       0x2d lib/orangescrt.a(printf.o)
 .comment       0x000000000000002c       0x2d lib/orangescrt.a(vsprintf.o)
 .comment       0x000000000000002c       0x2d lib/orangescrt.a(misc.o)
 .comment       0x000000000000002c       0x2d lib/orangescrt.a(open.o)
 .comment       0x000000000000002c       0x2d lib/orangescrt.a(read.o)
 .comment       0x000000000000002c       0x2d lib/orangescrt.a(write.o)
 .comment       0x000000000000002c       0x2d lib/orangescrt.a(close.o)
 .comment       0x000000000000002c       0x2d lib/orangescrt.a(getpid.o)

.gnu.build.attributes
 *(.gnu.build.attributes .gnu.build.attributes.*)

.debug
 *(.debug)

.line
 *(.line)

.debug_srcinfo
 *(.debug_srcinfo)

.debug_sfnames
 *(.debug_sfnames)

.debug_aranges  0x0000000000000000      0x3b8
 *(.debug_aranges)
 .debug_aranges
                0x0000000000000000       0x20 kernel/start.o
 .debug_aranges
                0x0000000000000020       0x20 kernel/main.o
 .debug_aranges
                0x0000000000000040       0x20 kernel/clock.o
 .debug_aranges
                0x0000000000000060       0x20 kernel/keyboard.o
 .debug_aranges
                0x0000000000000080       0x20 kernel/tty.o
 .debug_aranges
                0x00000000000000a0       0x20 kernel/console.o
 .debug_aranges
                0x00000000000000c0       0x20 kernel/i8259.o
 .debug_aranges
                0x00000000000000e0       0x18 kernel/global.o
 .debug_aranges
                0x00000000000000f8       0x20 kernel/protect.o
 .debug_aranges
                0x0000000000000118       0x20 kernel/proc.o
 .debug_aranges
                0x0000000000000138       0x20 kernel/systask.o
 .debug_aranges
                0x0000000000000158       0x20 kernel/hd.o
 .debug_aranges
                0x0000000000000178       0x20 kernel/klib.o
 .debug_aranges
                0x0000000000000198       0x20 lib/syslog.o
 .debug_aranges
                0x00000000000001b8       0x20 mm/main.o
 .debug_aranges
                0x00000000000001d8       0x20 mm/forkexit.o
 .debug_aranges
                0x00000000000001f8       0x20 fs/main.o
 .debug_aranges
                0x0000000000000218       0x20 fs/open.o
 .debug_aranges
                0x0000000000000238       0x20 fs/misc.o
 .debug_aranges
                0x0000000000000258       0x20 fs/read_write.o
 .debug_aranges
                0x0000000000000278       0x20 fs/link.o
 .debug_aranges
                0x0000000000000298       0x20 fs/disklog.o
 .debug_aranges
                0x00000000000002b8       0x20 lib/orangescrt.a(printf.o)
 .debug_aranges
                0x00000000000002d8       0x20 lib/orangescrt.a(vsprintf.o)
 .debug_aranges
                0x00000000000002f8       0x20 lib/orangescrt.a(misc.o)
 .debug_aranges
                0x0000000000000318       0x20 lib/orangescrt.a(open.o)
 .debug_aranges
                0x0000000000000338       0x20 lib/orangescrt.a(read.o)
 .debug_aranges
                0x0000000000000358       0x20 lib/orangescrt.a(write.o)
 .debug_aranges
                0x0000000000000378       0x20 lib/orangescrt.a(close.o)
 .debug_aranges
                0x0000000000000398       0x20 lib/orangescrt.a(getpid.o)

.debug_pubnames
 *(.debug_pubnames)

.debug_info     0x0000000000000000    0x1ae91
 *(.debug_info .gnu.linkonce.wi.*)
 .debug_info    0x0000000000000000      0xc13 kernel/start.o
 .debug_info    0x0000000000000c13     0x1063 kernel/main.o
 .debug_info    0x0000000000001c76      0xc21 kernel/clock.o
 .debug_info    0x0000000000002897      0xeb5 kernel/keyboard.o
 .debug_info    0x000000000000374c      0xffb kernel/tty.o
 .debug_info    0x0000000000004747      0xe91 kernel/console.o
 .debug_info    0x00000000000055d8      0xc35 kernel/i8259.o
 .debug_info    0x000000000000620d      0xd2e kernel/global.o
 .debug_info    0x0000000000006f3b      0xd92 kernel/protect.o
 .debug_info    0x0000000000007ccd     0x10a3 kernel/proc.o
 .debug_info    0x0000000000008d70      0xd5a kernel/systask.o
 .debug_info    0x0000000000009aca     0x1411 kernel/hd.o
 .debug_info    0x000000000000aedb      0xfdb kernel/klib.o
 .debug_info    0x000000000000beb6      0xc35 lib/syslog.o
 .debug_info    0x000000000000caeb      0xd6b mm/main.o
 .debug_info    0x000000000000d856      0xe72 mm/forkexit.o
 .debug_info    0x000000000000e6c8     0x11b4 fs/main.o
 .debug_info    0x000000000000f87c     0x10f1 fs/open.o
 .debug_info    0x000000000001096d      0xe6c fs/misc.o
 .debug_info    0x00000000000117d9      0xda4 fs/read_write.o
 .debug_info    0x000000000001257d      0xe3e fs/link.o
 .debug_info    0x00000000000133bb     0x1415 fs/disklog.o
 .debug_info    0x00000000000147d0      0xc99 lib/orangescrt.a(printf.o)
 .debug_info    0x0000000000015469      0xd55 lib/orangescrt.a(vsprintf.o)
 .debug_info    0x00000000000161be      0xdab lib/orangescrt.a(misc.o)
 .debug_info    0x0000000000016f69      0xcaf lib/orangescrt.a(open.o)
 .debug_info    0x0000000000017c18      0xcae lib/orangescrt.a(read.o)
 .debug_info    0x00000000000188c6      0xcb9 lib/orangescrt.a(write.o)
 .debug_info    0x000000000001957f      0xc90 lib/orangescrt.a(close.o)
 .debug_info    0x000000000001a20f      0xc82 lib/orangescrt.a(getpid.o)

.debug_abbrev   0x0000000000000000     0x3d77
 *(.debug_abbrev)
 .debug_abbrev  0x0000000000000000      0x176 kernel/start.o
 .debug_abbrev  0x0000000000000176      0x266 kernel/main.o
 .debug_abbrev  0x00000000000003dc      0x1cc kernel/clock.o
 .debug_abbrev  0x00000000000005a8      0x23f kernel/keyboard.o
 .debug_abbrev  0x00000000000007e7      0x2b7 kernel/tty.o
 .debug_abbrev  0x0000000000000a9e      0x253 kernel/console.o
 .debug_abbrev  0x0000000000000cf1      0x1b2 kernel/i8259.o
 .debug_abbrev  0x0000000000000ea3      0x176 kernel/global.o
 .debug_abbrev  0x0000000000001019      0x217 kernel/protect.o
 .debug_abbrev  0x0000000000001230      0x2f5 kernel/proc.o
 .debug_abbrev  0x0000000000001525      0x1e2 kernel/systask.o
 .debug_abbrev  0x0000000000001707      0x318 kernel/hd.o
 .debug_abbrev  0x0000000000001a1f      0x23b kernel/klib.o
 .debug_abbrev  0x0000000000001c5a      0x19b lib/syslog.o
 .debug_abbrev  0x0000000000001df5      0x22b mm/main.o
 .debug_abbrev  0x0000000000002020      0x23c mm/forkexit.o
 .debug_abbrev  0x000000000000225c      0x29b fs/main.o
 .debug_abbrev  0x00000000000024f7      0x2b2 fs/open.o
 .debug_abbrev  0x00000000000027a9      0x1f4 fs/misc.o
 .debug_abbrev  0x000000000000299d      0x1c2 fs/read_write.o
 .debug_abbrev  0x0000000000002b5f      0x1b9 fs/link.o
 .debug_abbrev  0x0000000000002d18      0x273 fs/disklog.o
 .debug_abbrev  0x0000000000002f8b      0x1b0 lib/orangescrt.a(printf.o)
 .debug_abbrev  0x000000000000313b      0x1db lib/orangescrt.a(vsprintf.o)
 .debug_abbrev  0x0000000000003316      0x1d9 lib/orangescrt.a(misc.o)
 .debug_abbrev  0x00000000000034ef      0x1b2 lib/orangescrt.a(open.o)
 .debug_abbrev  0x00000000000036a1      0x1c1 lib/orangescrt.a(read.o)
 .debug_abbrev  0x0000000000003862      0x1c8 lib/orangescrt.a(write.o)
 .debug_abbrev  0x0000000000003a2a      0x1b0 lib/orangescrt.a(close.o)
 .debug_abbrev  0x0000000000003bda      0x19d lib/orangescrt.a(getpid.o)

.debug_line     0x0000000000000000     0x512b
 *(.debug_line .debug_line.* .debug_line_end)
 .debug_line    0x0000000000000000       0xd6 kernel/start.o
 .debug_line    0x00000000000000d6      0x31c kernel/main.o
 .debug_line    0x00000000000003f2      0x112 kernel/clock.o
 .debug_line    0x0000000000000504      0x492 kernel/keyboard.o
 .debug_line    0x0000000000000996      0x4ac kernel/tty.o
 .debug_line    0x0000000000000e42      0x423 kernel/console.o
 .debug_line    0x0000000000001265       0xe2 kernel/i8259.o
 .debug_line    0x0000000000001347       0x8f kernel/global.o
 .debug_line    0x00000000000013d6      0x20b kernel/protect.o
 .debug_line    0x00000000000015e1      0x749 kernel/proc.o
 .debug_line    0x0000000000001d2a      0x159 kernel/systask.o
 .debug_line    0x0000000000001e83      0x64d kernel/hd.o
 .debug_line    0x00000000000024d0      0x249 kernel/klib.o
 .debug_line    0x0000000000002719       0xb7 lib/syslog.o
 .debug_line    0x00000000000027d0      0x12e mm/main.o
 .debug_line    0x00000000000028fe      0x298 mm/forkexit.o
 .debug_line    0x0000000000002b96      0x6c8 fs/main.o
 .debug_line    0x000000000000325e      0x4bb fs/open.o
 .debug_line    0x0000000000003719      0x190 fs/misc.o
 .debug_line    0x00000000000038a9      0x272 fs/read_write.o
 .debug_line    0x0000000000003b1b      0x306 fs/link.o
 .debug_line    0x0000000000003e21      0xa59 fs/disklog.o
 .debug_line    0x000000000000487a       0xce lib/orangescrt.a(printf.o)
 .debug_line    0x0000000000004948      0x23a lib/orangescrt.a(vsprintf.o)
 .debug_line    0x0000000000004b82      0x201 lib/orangescrt.a(misc.o)
 .debug_line    0x0000000000004d83       0xc8 lib/orangescrt.a(open.o)
 .debug_line    0x0000000000004e4b       0xb6 lib/orangescrt.a(read.o)
 .debug_line    0x0000000000004f01       0xb7 lib/orangescrt.a(write.o)
 .debug_line    0x0000000000004fb8       0xb5 lib/orangescrt.a(close.o)
 .debug_line    0x000000000000506d       0xbe lib/orangescrt.a(getpid.o)

.debug_frame
 *(.debug_frame)

.debug_str      0x0000000000000000     0x1692
 *(.debug_str)
 .debug_str     0x0000000000000000      0x58b kernel/start.o
                                        0x621 (size before relaxing)
 .debug_str     0x000000000000058b      0x1ae kernel/main.o
                                        0x7b3 (size before relaxing)
 .debug_str     0x0000000000000739       0x3e kernel/clock.o
                                        0x61b (size before relaxing)
 .debug_str     0x0000000000000777      0x131 kernel/keyboard.o
                                        0x723 (size before relaxing)
 .debug_str     0x00000000000008a8       0xaa kernel/tty.o
                                        0x755 (size before relaxing)
 .debug_str     0x0000000000000952       0xfa kernel/console.o
                                        0x6e1 (size before relaxing)
 .debug_str     0x0000000000000a4c       0x37 kernel/i8259.o
                                        0x61c (size before relaxing)
 .debug_str     0x0000000000000a83       0x2b kernel/global.o
                                        0x608 (size before relaxing)
 .debug_str     0x0000000000000aae       0xc1 kernel/protect.o
                                        0x6b1 (size before relaxing)
 .debug_str     0x0000000000000b6f      0x101 kernel/proc.o
                                        0x7c8 (size before relaxing)
 .debug_str     0x0000000000000c70       0x5c kernel/systask.o
                                        0x6ff (size before relaxing)
 .debug_str     0x0000000000000ccc      0x22a kernel/hd.o
                                        0x90e (size before relaxing)
 .debug_str     0x0000000000000ef6      0x1be kernel/klib.o
                                        0x7f9 (size before relaxing)
 .debug_str     0x00000000000010b4       0x14 lib/syslog.o
                                        0x5f9 (size before relaxing)
 .debug_str     0x00000000000010c8       0x3b mm/main.o
                                        0x6ff (size before relaxing)
 .debug_str     0x0000000000001103       0xd3 mm/forkexit.o
                                        0x77f (size before relaxing)
 .debug_str     0x00000000000011d6       0xf7 fs/main.o
                                        0x832 (size before relaxing)
 .debug_str     0x00000000000012cd      0x104 fs/open.o
                                        0x7d9 (size before relaxing)
 .debug_str     0x00000000000013d1       0x29 fs/misc.o
                                        0x794 (size before relaxing)
 .debug_str     0x00000000000013fa       0x41 fs/read_write.o
                                        0x6fc (size before relaxing)
 .debug_str     0x000000000000143b       0x41 fs/link.o
                                        0x743 (size before relaxing)
 .debug_str     0x000000000000147c      0x12b fs/disklog.o
                                        0x934 (size before relaxing)
 .debug_str     0x00000000000015a7       0x14 lib/orangescrt.a(printf.o)
                                        0x600 (size before relaxing)
 .debug_str     0x00000000000015bb       0x3b lib/orangescrt.a(vsprintf.o)
                                        0x62d (size before relaxing)
 .debug_str     0x00000000000015f6       0x5a lib/orangescrt.a(misc.o)
                                        0x64e (size before relaxing)
 .debug_str     0x0000000000001650        0xb lib/orangescrt.a(open.o)
                                        0x6b7 (size before relaxing)
 .debug_str     0x000000000000165b        0xb lib/orangescrt.a(read.o)
                                        0x6b4 (size before relaxing)
 .debug_str     0x0000000000001666        0xc lib/orangescrt.a(write.o)
                                        0x6b6 (size before relaxing)
 .debug_str     0x0000000000001672        0xc lib/orangescrt.a(close.o)
                                        0x6b0 (size before relaxing)
 .debug_str     0x000000000000167e       0x14 lib/orangescrt.a(getpid.o)
                                        0x6b2 (size before relaxing)

.debug_loc
 *(.debug_loc)

.debug_macinfo
 *(.debug_macinfo)

.debug_weaknames
 *(.debug_weaknames)

.debug_funcnames
 *(.debug_funcnames)

.debug_typenames
 *(.debug_typenames)

.debug_varnames
 *(.debug_varnames)

.debug_pubtypes
 *(.debug_pubtypes)

.debug_ranges   0x0000000000000000       0x48
 *(.debug_ranges)
 .debug_ranges  0x0000000000000000       0x18 kernel/main.o
 .debug_ranges  0x0000000000000018       0x30 kernel/hd.o

.debug_macro
 *(.debug_macro)

.debug_addr
 *(.debug_addr)

.gnu.attributes
 *(.gnu.attributes)

/DISCARD/
 *(.note.GNU-stack)
 *(.gnu_debuglink)
 *(.gnu.lto_*)
 *(.gnu_object_only)
OUTPUT(kernel.bin elf32-i386)
