Archive member included to satisfy reference by file (symbol)

lib/orangescrt.a(printf.o)    kernel/main.o (printf)
lib/orangescrt.a(vsprintf.o)  kernel/main.o (vsprintf)
lib/orangescrt.a(string.o)    kernel/start.o (memcpy)
lib/orangescrt.a(misc.o)      kernel/main.o (send_recv)
lib/orangescrt.a(open.o)      kernel/main.o (open)
lib/orangescrt.a(read.o)      kernel/main.o (read)
lib/orangescrt.a(write.o)     kernel/main.o (write)
lib/orangescrt.a(close.o)     kernel/main.o (close)
lib/orangescrt.a(getpid.o)    fs/disklog.o (getpid)
lib/orangescrt.a(stat.o)      mm/exec.o (stat)
lib/orangescrt.a(fork.o)      kernel/main.o (fork)
lib/orangescrt.a(wait.o)      kernel/main.o (wait)
lib/orangescrt.a(exec.o)      kernel/main.o (execl)
lib/orangescrt.a(syscall.o)   lib/orangescrt.a(misc.o) (sendrec)

Allocating common symbols
Common symbol       size              file

idt_ptr             0x6               kernel/global.o
inode_table         0xb00             kernel/global.o
task_stack          0x24000           kernel/global.o
k_reenter           0x4               kernel/global.o
gdt                 0x400             kernel/global.o
current_console     0x4               kernel/global.o
pcaller             0x4               kernel/global.o
tty_table           0xc6c             kernel/global.o
tss                 0x68              kernel/global.o
fs_msg              0x30              kernel/global.o
memory_size         0x4               kernel/global.o
f_desc_table        0x400             kernel/global.o
root_inode          0x4               kernel/global.o
disp_pos            0x4               kernel/global.o
mm_msg              0x30              kernel/global.o
key_pressed         0x4               kernel/global.o
gdt_ptr             0x6               kernel/global.o
idt                 0x800             kernel/global.o
super_block         0x1e0             kernel/global.o
PARTITION_ENTRY     0x10              kernel/hd.o
ticks               0x4               kernel/global.o
console_table       0x3c              kernel/global.o
irq_table           0x40              kernel/global.o
p_proc_ready        0x4               kernel/global.o
proc_table          0x3af8            kernel/global.o

Discarded input sections

 .note.GNU-stack
                0x0000000000000000        0x0 kernel/start.o
 .note.GNU-stack
                0x0000000000000000        0x0 kernel/main.o
 .note.GNU-stack
                0x0000000000000000        0x0 kernel/clock.o
 .note.GNU-stack
                0x0000000000000000        0x0 kernel/keyboard.o
 .note.GNU-stack
                0x0000000000000000        0x0 kernel/tty.o
 .note.GNU-stack
                0x0000000000000000        0x0 kernel/console.o
 .note.GNU-stack
                0x0000000000000000        0x0 kernel/i8259.o
 .note.GNU-stack
                0x0000000000000000        0x0 kernel/global.o
 .note.GNU-stack
                0x0000000000000000        0x0 kernel/protect.o
 .note.GNU-stack
                0x0000000000000000        0x0 kernel/proc.o
 .note.GNU-stack
                0x0000000000000000        0x0 kernel/systask.o
 .note.GNU-stack
                0x0000000000000000        0x0 kernel/hd.o
 .note.GNU-stack
                0x0000000000000000        0x0 kernel/klib.o
 .note.GNU-stack
                0x0000000000000000        0x0 lib/syslog.o
 .note.GNU-stack
                0x0000000000000000        0x0 mm/main.o
 .note.GNU-stack
                0x0000000000000000        0x0 mm/forkexit.o
 .note.GNU-stack
                0x0000000000000000        0x0 mm/exec.o
 .note.GNU-stack
                0x0000000000000000        0x0 fs/main.o
 .note.GNU-stack
                0x0000000000000000        0x0 fs/open.o
 .note.GNU-stack
                0x0000000000000000        0x0 fs/misc.o
 .note.GNU-stack
                0x0000000000000000        0x0 fs/read_write.o
 .note.GNU-stack
                0x0000000000000000        0x0 fs/link.o
 .note.GNU-stack
                0x0000000000000000        0x0 fs/disklog.o
 .note.GNU-stack
                0x0000000000000000        0x0 lib/orangescrt.a(printf.o)
 .note.GNU-stack
                0x0000000000000000        0x0 lib/orangescrt.a(vsprintf.o)
 .note.GNU-stack
                0x0000000000000000        0x0 lib/orangescrt.a(misc.o)
 .note.GNU-stack
                0x0000000000000000        0x0 lib/orangescrt.a(open.o)
 .note.GNU-stack
                0x0000000000000000        0x0 lib/orangescrt.a(read.o)
 .note.GNU-stack
                0x0000000000000000        0x0 lib/orangescrt.a(write.o)
 .note.GNU-stack
                0x0000000000000000        0x0 lib/orangescrt.a(close.o)
 .note.GNU-stack
                0x0000000000000000        0x0 lib/orangescrt.a(getpid.o)
 .note.GNU-stack
                0x0000000000000000        0x0 lib/orangescrt.a(stat.o)
 .note.GNU-stack
                0x0000000000000000        0x0 lib/orangescrt.a(fork.o)
 .note.GNU-stack
                0x0000000000000000        0x0 lib/orangescrt.a(wait.o)
 .note.GNU-stack
                0x0000000000000000        0x0 lib/orangescrt.a(exec.o)

Memory Configuration

Name             Origin             Length             Attributes
*default*        0x0000000000000000 0xffffffffffffffff

Linker script and memory map

Address of section .text set to 0x1000
LOAD kernel/kernel.o
LOAD kernel/start.o
LOAD kernel/main.o
LOAD kernel/clock.o
LOAD kernel/keyboard.o
LOAD kernel/tty.o
LOAD kernel/console.o
LOAD kernel/i8259.o
LOAD kernel/global.o
LOAD kernel/protect.o
LOAD kernel/proc.o
LOAD kernel/systask.o
LOAD kernel/hd.o
LOAD kernel/kliba.o
LOAD kernel/klib.o
LOAD lib/syslog.o
LOAD mm/main.o
LOAD mm/forkexit.o
LOAD mm/exec.o
LOAD fs/main.o
LOAD fs/open.o
LOAD fs/misc.o
LOAD fs/read_write.o
LOAD fs/link.o
LOAD fs/disklog.o
LOAD lib/orangescrt.a
                [!provide]                        PROVIDE (__executable_start = SEGMENT_START ("text-segment", 0x8048000))
                0x0000000008048094                . = (SEGMENT_START ("text-segment", 0x8048000) + SIZEOF_HEADERS)

.interp
 *(.interp)

.note.gnu.build-id
 *(.note.gnu.build-id)

.hash
 *(.hash)

.gnu.hash
 *(.gnu.hash)

.dynsym
 *(.dynsym)

.dynstr
 *(.dynstr)

.gnu.version
 *(.gnu.version)

.gnu.version_d
 *(.gnu.version_d)

.gnu.version_r
 *(.gnu.version_r)

.rel.dyn        0x0000000008048094        0x0
 *(.rel.init)
 *(.rel.text .rel.text.* .rel.gnu.linkonce.t.*)
 .rel.text      0x0000000008048094        0x0 kernel/kernel.o
 *(.rel.fini)
 *(.rel.rodata .rel.rodata.* .rel.gnu.linkonce.r.*)
 *(.rel.data.rel.ro .rel.data.rel.ro.* .rel.gnu.linkonce.d.rel.ro.*)
 *(.rel.data .rel.data.* .rel.gnu.linkonce.d.*)
 *(.rel.tdata .rel.tdata.* .rel.gnu.linkonce.td.*)
 *(.rel.tbss .rel.tbss.* .rel.gnu.linkonce.tb.*)
 *(.rel.ctors)
 *(.rel.dtors)
 *(.rel.got)
 .rel.got       0x0000000008048094        0x0 kernel/kernel.o
 *(.rel.bss .rel.bss.* .rel.gnu.linkonce.b.*)
 *(.rel.ifunc)

.rel.plt        0x0000000008048094        0x0
 *(.rel.plt)
                [!provide]                        PROVIDE (__rel_iplt_start = .)
 *(.rel.iplt)
 .rel.iplt      0x0000000008048094        0x0 kernel/kernel.o
                [!provide]                        PROVIDE (__rel_iplt_end = .)

.init
 *(SORT_NONE(.init))

.plt            0x0000000008048098        0x0
 *(.plt)
 *(.iplt)
 .iplt          0x0000000008048098        0x0 kernel/kernel.o

.plt.got
 *(.plt.got)

.plt.sec
 *(.plt.sec)

.text           0x0000000000001000     0xba38
 *(.text.unlikely .text.*_unlikely .text.unlikely.*)
 *(.text.exit .text.exit.*)
 *(.text.startup .text.startup.*)
 *(.text.hot .text.hot.*)
 *(.text .stub .text.* .gnu.linkonce.t.*)
 .text          0x0000000000001000      0x420 kernel/kernel.o
                0x0000000000001000                _start
                0x0000000000001050                hwint00
                0x0000000000001080                hwint01
                0x00000000000010b0                hwint02
                0x00000000000010e0                hwint03
                0x0000000000001110                hwint04
                0x0000000000001140                hwint05
                0x0000000000001170                hwint06
                0x00000000000011a0                hwint07
                0x00000000000011d0                hwint08
                0x0000000000001200                hwint09
                0x0000000000001230                hwint10
                0x0000000000001260                hwint11
                0x0000000000001290                hwint12
                0x00000000000012c0                hwint13
                0x00000000000012f0                hwint14
                0x0000000000001320                hwint15
                0x0000000000001344                divide_error
                0x000000000000134a                single_step_exception
                0x0000000000001350                nmi
                0x0000000000001356                breakpoint_exception
                0x000000000000135c                overflow
                0x0000000000001362                bounds_check
                0x0000000000001368                inval_opcode
                0x000000000000136e                copr_not_available
                0x0000000000001374                double_fault
                0x0000000000001378                copr_seg_overrun
                0x000000000000137e                inval_tss
                0x0000000000001382                segment_not_present
                0x0000000000001386                stack_exception
                0x000000000000138a                general_protection
                0x000000000000138e                page_fault
                0x0000000000001392                copr_error
                0x00000000000013db                sys_call
                0x00000000000013fb                restart
 .text          0x0000000000001420       0x95 kernel/start.o
                0x0000000000001420                cstart
 .text          0x00000000000014b5      0x69e kernel/main.o
                0x00000000000014b5                kernel_main
                0x00000000000017d0                get_ticks
                0x0000000000001804                untar
                0x00000000000019c2                Init
                0x0000000000001afb                TestA
                0x0000000000001b00                TestB
                0x0000000000001b05                TestC
                0x0000000000001b0a                panic
 .text          0x0000000000001b53       0xfd kernel/clock.o
                0x0000000000001b53                clock_handler
                0x0000000000001bce                milli_delay
                0x0000000000001bf8                init_clock
 .text          0x0000000000001c50      0x6e2 kernel/keyboard.o
                0x0000000000001c50                keyboard_handler
                0x0000000000001cba                init_keyboard
                0x0000000000001d69                keyboard_read
 .text          0x0000000000002332      0xa44 kernel/tty.o
                0x0000000000002332                task_tty
                0x0000000000002523                in_process
                0x0000000000002a7c                sys_printx
                0x0000000000002c19                dump_tty_buf
 .text          0x0000000000002d76      0x7d7 kernel/console.o
                0x0000000000002d76                init_screen
                0x0000000000002eea                out_char
                0x00000000000031c7                is_current_console
                0x00000000000032ba                select_console
                0x00000000000032fa                scroll_screen
 .text          0x000000000000354d      0x130 kernel/i8259.o
                0x000000000000354d                init_8259A
                0x0000000000003622                spurious_irq
                0x0000000000003659                put_irq_handler
 .text          0x000000000000367d        0x0 kernel/global.o
 .text          0x000000000000367d      0x65a kernel/protect.o
                0x000000000000367d                init_prot
                0x0000000000003ae0                seg2linear
                0x0000000000003b2f                init_desc
                0x0000000000003b9c                exception_handler
 .text          0x0000000000003cd7     0x15df kernel/proc.o
                0x0000000000003cd7                schedule
                0x0000000000003d63                sys_sendrec
                0x0000000000003e81                ldt_seg_linear
                0x0000000000003ecb                va2la
                0x0000000000003f2c                reset_msg
                0x0000000000004cfe                inform_int
                0x0000000000004e6e                dump_proc
                0x00000000000051a8                dump_msg
 .text          0x00000000000052b6      0x2bc kernel/systask.o
                0x00000000000052b6                task_sys
 .text          0x0000000000005572      0xe13 kernel/hd.o
                0x0000000000005572                task_hd
                0x000000000000635a                hd_handler
 *fill*         0x0000000000006385        0xb 
 .text          0x0000000000006390      0x19a kernel/kliba.o
                0x0000000000006390                disp_str
                0x00000000000063ce                disp_color_str
                0x000000000000640d                out_byte
                0x0000000000006419                in_byte
                0x0000000000006423                port_read
                0x0000000000006436                port_write
                0x0000000000006449                disable_irq
                0x000000000000647e                enable_irq
                0x000000000000649d                disable_int
                0x000000000000649f                enable_int
                0x00000000000064a1                glitter
 .text          0x000000000000652a      0x2af kernel/klib.o
                0x000000000000652a                get_boot_params
                0x00000000000065b0                get_kernel_map
                0x00000000000066c0                itoa
                0x000000000000676b                disp_int
                0x0000000000006792                delay
 .text          0x00000000000067d9       0x6f lib/syslog.o
                0x00000000000067d9                syslog
 .text          0x0000000000006848      0x226 mm/main.o
                0x0000000000006848                task_mm
                0x00000000000069e9                alloc_mem
                0x0000000000006a64                free_mem
 .text          0x0000000000006a6e      0x5c2 mm/forkexit.o
                0x0000000000006a6e                do_fork
                0x0000000000006db3                do_exit
                0x0000000000006f7a                do_wait
 .text          0x0000000000007030      0x3ad mm/exec.o
                0x0000000000007030                do_exec
 .text          0x00000000000073dd     0x1086 fs/main.o
                0x00000000000073dd                task_fs
                0x0000000000007e63                rw_sector
                0x000000000000806b                get_super_block
                0x00000000000080b1                get_inode
                0x0000000000008214                put_inode
                0x0000000000008252                sync_inode
 .text          0x0000000000008463      0xaa0 fs/open.o
                0x0000000000008463                do_open
                0x0000000000008899                do_close
                0x0000000000008914                do_lseek
 .text          0x0000000000008f03      0x3ae fs/misc.o
                0x0000000000008f03                do_stat
                0x00000000000090d4                search_file
                0x000000000000922a                strip_path
 .text          0x00000000000092b1      0x496 fs/read_write.o
                0x00000000000092b1                do_rdwt
 .text          0x0000000000009747      0x812 fs/link.o
                0x0000000000009747                do_unlink
 .text          0x0000000000009f59     0x1fa9 fs/disklog.o
                0x0000000000009f59                disklog
                0x000000000000a4c7                dump_fd_graph
 .text          0x000000000000bf02       0xad lib/orangescrt.a(printf.o)
                0x000000000000bf02                printf
                0x000000000000bf6d                printl
 .text          0x000000000000bfaf      0x309 lib/orangescrt.a(vsprintf.o)
                0x000000000000c015                vsprintf
                0x000000000000c292                sprintf
 *fill*         0x000000000000c2b8        0x8 
 .text          0x000000000000c2c0       0x78 lib/orangescrt.a(string.o)
                0x000000000000c2c0                memcpy
                0x000000000000c2e9                memset
                0x000000000000c30a                strcpy
                0x000000000000c322                strlen
 .text          0x000000000000c338      0x24e lib/orangescrt.a(misc.o)
                0x000000000000c338                send_recv
                0x000000000000c3f2                memcmp
                0x000000000000c464                strcmp
                0x000000000000c4d3                strcat
                0x000000000000c532                spin
                0x000000000000c54d                assertion_failure
 .text          0x000000000000c586       0x63 lib/orangescrt.a(open.o)
                0x000000000000c586                open
 .text          0x000000000000c5e9       0x37 lib/orangescrt.a(read.o)
                0x000000000000c5e9                read
 .text          0x000000000000c620       0x37 lib/orangescrt.a(write.o)
                0x000000000000c620                write
 .text          0x000000000000c657       0x2b lib/orangescrt.a(close.o)
                0x000000000000c657                close
 .text          0x000000000000c682       0x46 lib/orangescrt.a(getpid.o)
                0x000000000000c682                getpid
 .text          0x000000000000c6c8       0x63 lib/orangescrt.a(stat.o)
                0x000000000000c6c8                stat
 .text          0x000000000000c72b       0x66 lib/orangescrt.a(fork.o)
                0x000000000000c72b                fork
 .text          0x000000000000c791       0x3c lib/orangescrt.a(wait.o)
                0x000000000000c791                wait
 .text          0x000000000000c7cd      0x237 lib/orangescrt.a(exec.o)
                0x000000000000c7cd                exec
                0x000000000000c838                execl
                0x000000000000c85d                execv
 *fill*         0x000000000000ca04        0xc 
 .text          0x000000000000ca10       0x28 lib/orangescrt.a(syscall.o)
                0x000000000000ca10                sendrec
                0x000000000000ca2a                printx
 *(.gnu.warning)

.fini
 *(SORT_NONE(.fini))
                [!provide]                        PROVIDE (__etext = .)
                [!provide]                        PROVIDE (_etext = .)
                [!provide]                        PROVIDE (etext = .)

.rodata         0x000000000000ca40     0x25b3
 *(.rodata .rodata.* .gnu.linkonce.r.*)
 .rodata        0x000000000000ca40       0x47 kernel/start.o
 *fill*         0x000000000000ca87        0x1 
 .rodata        0x000000000000ca88      0x167 kernel/main.o
 *fill*         0x000000000000cbef        0x1 
 .rodata        0x000000000000cbf0       0x64 kernel/keyboard.o
 .rodata        0x000000000000cc54      0x168 kernel/tty.o
 .rodata        0x000000000000cdbc       0x5b kernel/console.o
 .rodata        0x000000000000ce17       0x11 kernel/i8259.o
 .rodata        0x000000000000ce28       0x10 kernel/global.o
                0x000000000000ce28                FSBUF_SIZE
                0x000000000000ce2c                MMBUF_SIZE
                0x000000000000ce30                LOGBUF_SIZE
                0x000000000000ce34                LOGDISKBUF_SIZE
 *fill*         0x000000000000ce38        0x8 
 .rodata        0x000000000000ce40      0x580 kernel/protect.o
 .rodata        0x000000000000d3c0      0x5da kernel/proc.o
 .rodata        0x000000000000d99a       0x11 kernel/systask.o
 *fill*         0x000000000000d9ab        0x1 
 .rodata        0x000000000000d9ac      0x1df kernel/hd.o
 *fill*         0x000000000000db8b        0x1 
 .rodata        0x000000000000db8c       0x6a kernel/klib.o
 .rodata        0x000000000000dbf6       0x1e lib/syslog.o
 .rodata        0x000000000000dc14       0xd9 mm/main.o
 *fill*         0x000000000000dced        0x3 
 .rodata        0x000000000000dcf0       0xe7 mm/forkexit.o
 *fill*         0x000000000000ddd7        0x1 
 .rodata        0x000000000000ddd8       0xc1 mm/exec.o
 *fill*         0x000000000000de99        0x3 
 .rodata        0x000000000000de9c      0x2b6 fs/main.o
 *fill*         0x000000000000e152        0x2 
 .rodata        0x000000000000e154      0x13c fs/open.o
 .rodata        0x000000000000e290       0x60 fs/misc.o
 .rodata        0x000000000000e2f0      0x164 fs/read_write.o
 .rodata        0x000000000000e454      0x1ad fs/link.o
 *fill*         0x000000000000e601        0x3 
 .rodata        0x000000000000e604      0x806 fs/disklog.o
 .rodata        0x000000000000ee0a       0x14 lib/orangescrt.a(printf.o)
 *fill*         0x000000000000ee1e        0x2 
 .rodata        0x000000000000ee20       0xad lib/orangescrt.a(misc.o)
 .rodata        0x000000000000eecd       0x23 lib/orangescrt.a(open.o)
 .rodata        0x000000000000eef0       0x25 lib/orangescrt.a(getpid.o)
 .rodata        0x000000000000ef15       0x23 lib/orangescrt.a(stat.o)
 .rodata        0x000000000000ef38       0x33 lib/orangescrt.a(fork.o)
 *fill*         0x000000000000ef6b        0x1 
 .rodata        0x000000000000ef6c       0x87 lib/orangescrt.a(exec.o)

.rodata1
 *(.rodata1)

.eh_frame_hdr
 *(.eh_frame_hdr)
 *(.eh_frame_entry .eh_frame_entry.*)

.eh_frame       0x000000000000eff4     0x1250
 *(.eh_frame)
 .eh_frame      0x000000000000eff4       0x38 kernel/start.o
 .eh_frame      0x000000000000f02c       0xec kernel/main.o
                                        0x104 (size before relaxing)
 .eh_frame      0x000000000000f118       0x60 kernel/clock.o
                                         0x78 (size before relaxing)
 .eh_frame      0x000000000000f178       0xe0 kernel/keyboard.o
                                         0xf8 (size before relaxing)
 .eh_frame      0x000000000000f258      0x13c kernel/tty.o
                                        0x154 (size before relaxing)
 .eh_frame      0x000000000000f394      0x140 kernel/console.o
                                        0x158 (size before relaxing)
 .eh_frame      0x000000000000f4d4       0x60 kernel/i8259.o
                                         0x78 (size before relaxing)
 .eh_frame      0x000000000000f534       0xb0 kernel/protect.o
                                         0xc8 (size before relaxing)
 .eh_frame      0x000000000000f5e4      0x1b8 kernel/proc.o
                                        0x1d0 (size before relaxing)
 .eh_frame      0x000000000000f79c       0x5c kernel/systask.o
                                         0x74 (size before relaxing)
 .eh_frame      0x000000000000f7f8      0x1f4 kernel/hd.o
                                        0x20c (size before relaxing)
 .eh_frame      0x000000000000f9ec       0xa0 kernel/klib.o
                                         0xb8 (size before relaxing)
 .eh_frame      0x000000000000fa8c       0x20 lib/syslog.o
                                         0x38 (size before relaxing)
 .eh_frame      0x000000000000faac       0x7c mm/main.o
                                         0x94 (size before relaxing)
 .eh_frame      0x000000000000fb28       0x90 mm/forkexit.o
                                         0xa8 (size before relaxing)
 .eh_frame      0x000000000000fbb8       0x2c mm/exec.o
                                         0x44 (size before relaxing)
 .eh_frame      0x000000000000fbe4      0x170 fs/main.o
                                        0x188 (size before relaxing)
 .eh_frame      0x000000000000fd54      0x110 fs/open.o
                                        0x128 (size before relaxing)
 .eh_frame      0x000000000000fe64       0x68 fs/misc.o
                                         0x80 (size before relaxing)
 .eh_frame      0x000000000000fecc       0x2c fs/read_write.o
                                         0x44 (size before relaxing)
 .eh_frame      0x000000000000fef8       0x2c fs/link.o
                                         0x44 (size before relaxing)
 .eh_frame      0x000000000000ff24       0x60 fs/disklog.o
                                         0x78 (size before relaxing)
 .eh_frame      0x000000000000ff84       0x40 lib/orangescrt.a(printf.o)
                                         0x58 (size before relaxing)
 .eh_frame      0x000000000000ffc4       0x64 lib/orangescrt.a(vsprintf.o)
                                         0x7c (size before relaxing)
 .eh_frame      0x0000000000010028       0xbc lib/orangescrt.a(misc.o)
                                         0xd4 (size before relaxing)
 .eh_frame      0x00000000000100e4       0x20 lib/orangescrt.a(open.o)
                                         0x38 (size before relaxing)
 .eh_frame      0x0000000000010104       0x20 lib/orangescrt.a(read.o)
                                         0x38 (size before relaxing)
 .eh_frame      0x0000000000010124       0x20 lib/orangescrt.a(write.o)
                                         0x38 (size before relaxing)
 .eh_frame      0x0000000000010144       0x20 lib/orangescrt.a(close.o)
                                         0x38 (size before relaxing)
 .eh_frame      0x0000000000010164       0x20 lib/orangescrt.a(getpid.o)
                                         0x38 (size before relaxing)
 .eh_frame      0x0000000000010184       0x20 lib/orangescrt.a(stat.o)
                                         0x38 (size before relaxing)
 .eh_frame      0x00000000000101a4       0x20 lib/orangescrt.a(fork.o)
                                         0x38 (size before relaxing)
 .eh_frame      0x00000000000101c4       0x20 lib/orangescrt.a(wait.o)
                                         0x38 (size before relaxing)
 .eh_frame      0x00000000000101e4       0x60 lib/orangescrt.a(exec.o)
                                         0x78 (size before relaxing)
 *(.eh_frame.*)

.gcc_except_table
 *(.gcc_except_table .gcc_except_table.*)

.gnu_extab
 *(.gnu_extab*)

.exception_ranges
 *(.exception_ranges .exception_ranges*)
                0x0000000000012000                . = DATA_SEGMENT_ALIGN (CONSTANT (MAXPAGESIZE), CONSTANT (COMMONPAGESIZE))

.eh_frame
 *(.eh_frame)
 *(.eh_frame.*)

.gnu_extab
 *(.gnu_extab)

.gcc_except_table
 *(.gcc_except_table .gcc_except_table.*)

.exception_ranges
 *(.exception_ranges .exception_ranges*)

.tdata
 *(.tdata .tdata.* .gnu.linkonce.td.*)

.tbss
 *(.tbss .tbss.* .gnu.linkonce.tb.*)
 *(.tcommon)

.preinit_array  0x0000000000012000        0x0
                [!provide]                        PROVIDE (__preinit_array_start = .)
 *(.preinit_array)
                [!provide]                        PROVIDE (__preinit_array_end = .)

.init_array     0x0000000000012000        0x0
                [!provide]                        PROVIDE (__init_array_start = .)
 *(SORT_BY_INIT_PRIORITY(.init_array.*) SORT_BY_INIT_PRIORITY(.ctors.*))
 *(.init_array EXCLUDE_FILE(*crtend?.o *crtend.o *crtbegin?.o *crtbegin.o) .ctors)
                [!provide]                        PROVIDE (__init_array_end = .)

.fini_array     0x0000000000012000        0x0
                [!provide]                        PROVIDE (__fini_array_start = .)
 *(SORT_BY_INIT_PRIORITY(.fini_array.*) SORT_BY_INIT_PRIORITY(.dtors.*))
 *(.fini_array EXCLUDE_FILE(*crtend?.o *crtend.o *crtbegin?.o *crtbegin.o) .dtors)
                [!provide]                        PROVIDE (__fini_array_end = .)

.ctors
 *crtbegin.o(.ctors)
 *crtbegin?.o(.ctors)
 *(EXCLUDE_FILE(*crtend?.o *crtend.o) .ctors)
 *(SORT_BY_NAME(.ctors.*))
 *(.ctors)

.dtors
 *crtbegin.o(.dtors)
 *crtbegin?.o(.dtors)
 *(EXCLUDE_FILE(*crtend?.o *crtend.o) .dtors)
 *(SORT_BY_NAME(.dtors.*))
 *(.dtors)

.jcr
 *(.jcr)

.data.rel.ro
 *(.data.rel.ro.local* .gnu.linkonce.d.rel.ro.local.*)
 *(.data.rel.ro .data.rel.ro.* .gnu.linkonce.d.rel.ro.*)

.dynamic
 *(.dynamic)

.got            0x0000000000012000        0x0
 *(.got)
 .got           0x0000000000012000        0x0 kernel/kernel.o
 *(.igot)
                0x0000000000012000                . = DATA_SEGMENT_RELRO_END (., (SIZEOF (.got.plt) >= 0xc)?0xc:0x0)

.got.plt        0x0000000000012000        0x0
 *(.got.plt)
 .got.plt       0x0000000000012000        0x0 kernel/kernel.o
 *(.igot.plt)
 .igot.plt      0x0000000000012000        0x0 kernel/kernel.o

.data           0x0000000000012000      0x814
 *(.data .data.* .gnu.linkonce.d.*)
 .data          0x0000000000012000        0x2 kernel/kernel.o
 .data          0x0000000000012002        0x0 kernel/start.o
 .data          0x0000000000012002        0x0 kernel/main.o
 .data          0x0000000000012002        0x0 kernel/clock.o
 *fill*         0x0000000000012002       0x1e 
 .data          0x0000000000012020      0x600 kernel/keyboard.o
                0x0000000000012020                keymap
 .data          0x0000000000012620       0x22 kernel/tty.o
 .data          0x0000000000012642        0x0 kernel/console.o
 .data          0x0000000000012642        0x0 kernel/i8259.o
 *fill*         0x0000000000012642       0x1e 
 .data          0x0000000000012660      0x1b4 kernel/global.o
                0x0000000000012660                task_table
                0x0000000000012740                user_proc_table
                0x00000000000127e0                sys_call_table
                0x00000000000127ec                dd_map
                0x0000000000012804                fsbuf
                0x0000000000012808                mmbuf
                0x000000000001280c                logbuf
                0x0000000000012810                logdiskbuf
 .data          0x0000000000012814        0x0 kernel/protect.o
 .data          0x0000000000012814        0x0 kernel/proc.o
 .data          0x0000000000012814        0x0 kernel/systask.o
 .data          0x0000000000012814        0x0 kernel/hd.o
 .data          0x0000000000012814        0x0 kernel/klib.o
 .data          0x0000000000012814        0x0 lib/syslog.o
 .data          0x0000000000012814        0x0 mm/main.o
 .data          0x0000000000012814        0x0 mm/forkexit.o
 .data          0x0000000000012814        0x0 mm/exec.o
 .data          0x0000000000012814        0x0 fs/main.o
 .data          0x0000000000012814        0x0 fs/open.o
 .data          0x0000000000012814        0x0 fs/misc.o
 .data          0x0000000000012814        0x0 fs/read_write.o
 .data          0x0000000000012814        0x0 fs/link.o
 .data          0x0000000000012814        0x0 fs/disklog.o
 .data          0x0000000000012814        0x0 lib/orangescrt.a(printf.o)
 .data          0x0000000000012814        0x0 lib/orangescrt.a(vsprintf.o)
 .data          0x0000000000012814        0x0 lib/orangescrt.a(misc.o)
 .data          0x0000000000012814        0x0 lib/orangescrt.a(open.o)
 .data          0x0000000000012814        0x0 lib/orangescrt.a(read.o)
 .data          0x0000000000012814        0x0 lib/orangescrt.a(write.o)
 .data          0x0000000000012814        0x0 lib/orangescrt.a(close.o)
 .data          0x0000000000012814        0x0 lib/orangescrt.a(getpid.o)
 .data          0x0000000000012814        0x0 lib/orangescrt.a(stat.o)
 .data          0x0000000000012814        0x0 lib/orangescrt.a(fork.o)
 .data          0x0000000000012814        0x0 lib/orangescrt.a(wait.o)
 .data          0x0000000000012814        0x0 lib/orangescrt.a(exec.o)

.data1
 *(.data1)
                0x0000000000012814                _edata = .
                [!provide]                        PROVIDE (edata = .)
                0x0000000000012814                . = .
                0x0000000000012814                __bss_start = .

.bss            0x0000000000012820    0x2b788
 *(.dynbss)
 *(.bss .bss.* .gnu.linkonce.b.*)
 .bss           0x0000000000012820      0x800 kernel/kernel.o
 .bss           0x0000000000013020        0x0 kernel/start.o
 .bss           0x0000000000013020        0x0 kernel/main.o
 .bss           0x0000000000013020        0x0 kernel/clock.o
 .bss           0x0000000000013020       0x58 kernel/keyboard.o
 .bss           0x0000000000013078        0x0 kernel/tty.o
 .bss           0x0000000000013078        0x0 kernel/console.o
 .bss           0x0000000000013078        0x0 kernel/i8259.o
 .bss           0x0000000000013078        0x0 kernel/global.o
 .bss           0x0000000000013078        0x0 kernel/protect.o
 .bss           0x0000000000013078        0x0 kernel/proc.o
 .bss           0x0000000000013078        0x0 kernel/systask.o
 *fill*         0x0000000000013078        0x8 
 .bss           0x0000000000013080      0x64c kernel/hd.o
 .bss           0x00000000000136cc        0x0 kernel/klib.o
 .bss           0x00000000000136cc        0x0 lib/syslog.o
 .bss           0x00000000000136cc        0x0 mm/main.o
 .bss           0x00000000000136cc        0x0 mm/forkexit.o
 .bss           0x00000000000136cc        0x0 mm/exec.o
 .bss           0x00000000000136cc        0x0 fs/main.o
 .bss           0x00000000000136cc        0x0 fs/open.o
 .bss           0x00000000000136cc        0x0 fs/misc.o
 .bss           0x00000000000136cc        0x0 fs/read_write.o
 .bss           0x00000000000136cc        0x0 fs/link.o
 *fill*         0x00000000000136cc       0x14 
 .bss           0x00000000000136e0      0x208 fs/disklog.o
 .bss           0x00000000000138e8        0x0 lib/orangescrt.a(printf.o)
 .bss           0x00000000000138e8        0x0 lib/orangescrt.a(vsprintf.o)
 .bss           0x00000000000138e8        0x0 lib/orangescrt.a(misc.o)
 .bss           0x00000000000138e8        0x0 lib/orangescrt.a(open.o)
 .bss           0x00000000000138e8        0x0 lib/orangescrt.a(read.o)
 .bss           0x00000000000138e8        0x0 lib/orangescrt.a(write.o)
 .bss           0x00000000000138e8        0x0 lib/orangescrt.a(close.o)
 .bss           0x00000000000138e8        0x0 lib/orangescrt.a(getpid.o)
 .bss           0x00000000000138e8        0x0 lib/orangescrt.a(stat.o)
 .bss           0x00000000000138e8        0x0 lib/orangescrt.a(fork.o)
 .bss           0x00000000000138e8        0x0 lib/orangescrt.a(wait.o)
 .bss           0x00000000000138e8        0x0 lib/orangescrt.a(exec.o)
 *(COMMON)
 *fill*         0x00000000000138e8       0x18 
 COMMON         0x0000000000013900    0x2a698 kernel/global.o
                0x0000000000013900                idt_ptr
                0x0000000000013920                inode_table
                0x0000000000014420                task_stack
                0x0000000000038420                k_reenter
                0x0000000000038440                gdt
                0x0000000000038840                current_console
                0x0000000000038844                pcaller
                0x0000000000038860                tty_table
                0x00000000000394e0                tss
                0x0000000000039560                fs_msg
                0x0000000000039590                memory_size
                0x00000000000395a0                f_desc_table
                0x00000000000399a0                root_inode
                0x00000000000399a4                disp_pos
                0x00000000000399c0                mm_msg
                0x00000000000399f0                key_pressed
                0x00000000000399f4                gdt_ptr
                0x0000000000039a00                idt
                0x000000000003a200                super_block
                0x000000000003a3e0                ticks
                0x000000000003a400                console_table
                0x000000000003a440                irq_table
                0x000000000003a480                p_proc_ready
                0x000000000003a4a0                proc_table
 COMMON         0x000000000003df98       0x10 kernel/hd.o
                0x000000000003df98                PARTITION_ENTRY
                0x000000000003dfa8                . = ALIGN ((. != 0x0)?0x4:0x1)
                0x000000000003dfa8                . = ALIGN (0x4)
                0x000000000003dfa8                . = SEGMENT_START ("ldata-segment", .)
                0x000000000003dfa8                . = ALIGN (0x4)
                0x000000000003dfa8                _end = .
                [!provide]                        PROVIDE (end = .)
                0x000000000003dfa8                . = DATA_SEGMENT_END (.)

.stab
 *(.stab)

.stabstr
 *(.stabstr)

.stab.excl
 *(.stab.excl)

.stab.exclstr
 *(.stab.exclstr)

.stab.index
 *(.stab.index)

.stab.indexstr
 *(.stab.indexstr)

.comment        0x0000000000000000       0x2c
 *(.comment)
 .comment       0x0000000000000000       0x2c kernel/start.o
                                         0x2d (size before relaxing)
 .comment       0x000000000000002c       0x2d kernel/main.o
 .comment       0x000000000000002c       0x2d kernel/clock.o
 .comment       0x000000000000002c       0x2d kernel/keyboard.o
 .comment       0x000000000000002c       0x2d kernel/tty.o
 .comment       0x000000000000002c       0x2d kernel/console.o
 .comment       0x000000000000002c       0x2d kernel/i8259.o
 .comment       0x000000000000002c       0x2d kernel/global.o
 .comment       0x000000000000002c       0x2d kernel/protect.o
 .comment       0x000000000000002c       0x2d kernel/proc.o
 .comment       0x000000000000002c       0x2d kernel/systask.o
 .comment       0x000000000000002c       0x2d kernel/hd.o
 .comment       0x000000000000002c       0x2d kernel/klib.o
 .comment       0x000000000000002c       0x2d lib/syslog.o
 .comment       0x000000000000002c       0x2d mm/main.o
 .comment       0x000000000000002c       0x2d mm/forkexit.o
 .comment       0x000000000000002c       0x2d mm/exec.o
 .comment       0x000000000000002c       0x2d fs/main.o
 .comment       0x000000000000002c       0x2d fs/open.o
 .comment       0x000000000000002c       0x2d fs/misc.o
 .comment       0x000000000000002c       0x2d fs/read_write.o
 .comment       0x000000000000002c       0x2d fs/link.o
 .comment       0x000000000000002c       0x2d fs/disklog.o
 .comment       0x000000000000002c       0x2d lib/orangescrt.a(printf.o)
 .comment       0x000000000000002c       0x2d lib/orangescrt.a(vsprintf.o)
 .comment       0x000000000000002c       0x2d lib/orangescrt.a(misc.o)
 .comment       0x000000000000002c       0x2d lib/orangescrt.a(open.o)
 .comment       0x000000000000002c       0x2d lib/orangescrt.a(read.o)
 .comment       0x000000000000002c       0x2d lib/orangescrt.a(write.o)
 .comment       0x000000000000002c       0x2d lib/orangescrt.a(close.o)
 .comment       0x000000000000002c       0x2d lib/orangescrt.a(getpid.o)
 .comment       0x000000000000002c       0x2d lib/orangescrt.a(stat.o)
 .comment       0x000000000000002c       0x2d lib/orangescrt.a(fork.o)
 .comment       0x000000000000002c       0x2d lib/orangescrt.a(wait.o)
 .comment       0x000000000000002c       0x2d lib/orangescrt.a(exec.o)

.gnu.build.attributes
 *(.gnu.build.attributes .gnu.build.attributes.*)

.debug
 *(.debug)

.line
 *(.line)

.debug_srcinfo
 *(.debug_srcinfo)

.debug_sfnames
 *(.debug_sfnames)

.debug_aranges  0x0000000000000000      0x458
 *(.debug_aranges)
 .debug_aranges
                0x0000000000000000       0x20 kernel/start.o
 .debug_aranges
                0x0000000000000020       0x20 kernel/main.o
 .debug_aranges
                0x0000000000000040       0x20 kernel/clock.o
 .debug_aranges
                0x0000000000000060       0x20 kernel/keyboard.o
 .debug_aranges
                0x0000000000000080       0x20 kernel/tty.o
 .debug_aranges
                0x00000000000000a0       0x20 kernel/console.o
 .debug_aranges
                0x00000000000000c0       0x20 kernel/i8259.o
 .debug_aranges
                0x00000000000000e0       0x18 kernel/global.o
 .debug_aranges
                0x00000000000000f8       0x20 kernel/protect.o
 .debug_aranges
                0x0000000000000118       0x20 kernel/proc.o
 .debug_aranges
                0x0000000000000138       0x20 kernel/systask.o
 .debug_aranges
                0x0000000000000158       0x20 kernel/hd.o
 .debug_aranges
                0x0000000000000178       0x20 kernel/klib.o
 .debug_aranges
                0x0000000000000198       0x20 lib/syslog.o
 .debug_aranges
                0x00000000000001b8       0x20 mm/main.o
 .debug_aranges
                0x00000000000001d8       0x20 mm/forkexit.o
 .debug_aranges
                0x00000000000001f8       0x20 mm/exec.o
 .debug_aranges
                0x0000000000000218       0x20 fs/main.o
 .debug_aranges
                0x0000000000000238       0x20 fs/open.o
 .debug_aranges
                0x0000000000000258       0x20 fs/misc.o
 .debug_aranges
                0x0000000000000278       0x20 fs/read_write.o
 .debug_aranges
                0x0000000000000298       0x20 fs/link.o
 .debug_aranges
                0x00000000000002b8       0x20 fs/disklog.o
 .debug_aranges
                0x00000000000002d8       0x20 lib/orangescrt.a(printf.o)
 .debug_aranges
                0x00000000000002f8       0x20 lib/orangescrt.a(vsprintf.o)
 .debug_aranges
                0x0000000000000318       0x20 lib/orangescrt.a(misc.o)
 .debug_aranges
                0x0000000000000338       0x20 lib/orangescrt.a(open.o)
 .debug_aranges
                0x0000000000000358       0x20 lib/orangescrt.a(read.o)
 .debug_aranges
                0x0000000000000378       0x20 lib/orangescrt.a(write.o)
 .debug_aranges
                0x0000000000000398       0x20 lib/orangescrt.a(close.o)
 .debug_aranges
                0x00000000000003b8       0x20 lib/orangescrt.a(getpid.o)
 .debug_aranges
                0x00000000000003d8       0x20 lib/orangescrt.a(stat.o)
 .debug_aranges
                0x00000000000003f8       0x20 lib/orangescrt.a(fork.o)
 .debug_aranges
                0x0000000000000418       0x20 lib/orangescrt.a(wait.o)
 .debug_aranges
                0x0000000000000438       0x20 lib/orangescrt.a(exec.o)

.debug_pubnames
 *(.debug_pubnames)

.debug_info     0x0000000000000000    0x1f2da
 *(.debug_info .gnu.linkonce.wi.*)
 .debug_info    0x0000000000000000      0xc13 kernel/start.o
 .debug_info    0x0000000000000c13     0x10c4 kernel/main.o
 .debug_info    0x0000000000001cd7      0xc21 kernel/clock.o
 .debug_info    0x00000000000028f8      0xeb5 kernel/keyboard.o
 .debug_info    0x00000000000037ad      0xffb kernel/tty.o
 .debug_info    0x00000000000047a8      0xe91 kernel/console.o
 .debug_info    0x0000000000005639      0xc35 kernel/i8259.o
 .debug_info    0x000000000000626e      0xd2e kernel/global.o
 .debug_info    0x0000000000006f9c      0xd92 kernel/protect.o
 .debug_info    0x0000000000007d2e     0x10a3 kernel/proc.o
 .debug_info    0x0000000000008dd1      0xd5a kernel/systask.o
 .debug_info    0x0000000000009b2b     0x1411 kernel/hd.o
 .debug_info    0x000000000000af3c      0xfdb kernel/klib.o
 .debug_info    0x000000000000bf17      0xc35 lib/syslog.o
 .debug_info    0x000000000000cb4c      0xd89 mm/main.o
 .debug_info    0x000000000000d8d5      0xe71 mm/forkexit.o
 .debug_info    0x000000000000e746      0xf33 mm/exec.o
 .debug_info    0x000000000000f679     0x11b4 fs/main.o
 .debug_info    0x000000000001082d     0x10f1 fs/open.o
 .debug_info    0x000000000001191e      0xf4c fs/misc.o
 .debug_info    0x000000000001286a      0xda4 fs/read_write.o
 .debug_info    0x000000000001360e      0xe3e fs/link.o
 .debug_info    0x000000000001444c     0x1415 fs/disklog.o
 .debug_info    0x0000000000015861      0xc99 lib/orangescrt.a(printf.o)
 .debug_info    0x00000000000164fa      0xd55 lib/orangescrt.a(vsprintf.o)
 .debug_info    0x000000000001724f      0xdab lib/orangescrt.a(misc.o)
 .debug_info    0x0000000000017ffa      0xcaf lib/orangescrt.a(open.o)
 .debug_info    0x0000000000018ca9      0xcae lib/orangescrt.a(read.o)
 .debug_info    0x0000000000019957      0xcb9 lib/orangescrt.a(write.o)
 .debug_info    0x000000000001a610      0xc90 lib/orangescrt.a(close.o)
 .debug_info    0x000000000001b2a0      0xc82 lib/orangescrt.a(getpid.o)
 .debug_info    0x000000000001bf22      0xd04 lib/orangescrt.a(stat.o)
 .debug_info    0x000000000001cc26      0xc82 lib/orangescrt.a(fork.o)
 .debug_info    0x000000000001d8a8      0xc9b lib/orangescrt.a(wait.o)
 .debug_info    0x000000000001e543      0xd97 lib/orangescrt.a(exec.o)

.debug_abbrev   0x0000000000000000     0x468d
 *(.debug_abbrev)
 .debug_abbrev  0x0000000000000000      0x176 kernel/start.o
 .debug_abbrev  0x0000000000000176      0x282 kernel/main.o
 .debug_abbrev  0x00000000000003f8      0x1cc kernel/clock.o
 .debug_abbrev  0x00000000000005c4      0x23f kernel/keyboard.o
 .debug_abbrev  0x0000000000000803      0x2b7 kernel/tty.o
 .debug_abbrev  0x0000000000000aba      0x253 kernel/console.o
 .debug_abbrev  0x0000000000000d0d      0x1b2 kernel/i8259.o
 .debug_abbrev  0x0000000000000ebf      0x176 kernel/global.o
 .debug_abbrev  0x0000000000001035      0x217 kernel/protect.o
 .debug_abbrev  0x000000000000124c      0x2f5 kernel/proc.o
 .debug_abbrev  0x0000000000001541      0x1e2 kernel/systask.o
 .debug_abbrev  0x0000000000001723      0x318 kernel/hd.o
 .debug_abbrev  0x0000000000001a3b      0x23b kernel/klib.o
 .debug_abbrev  0x0000000000001c76      0x19b lib/syslog.o
 .debug_abbrev  0x0000000000001e11      0x22b mm/main.o
 .debug_abbrev  0x000000000000203c      0x23c mm/forkexit.o
 .debug_abbrev  0x0000000000002278      0x1d5 mm/exec.o
 .debug_abbrev  0x000000000000244d      0x29b fs/main.o
 .debug_abbrev  0x00000000000026e8      0x2b2 fs/open.o
 .debug_abbrev  0x000000000000299a      0x20e fs/misc.o
 .debug_abbrev  0x0000000000002ba8      0x1c2 fs/read_write.o
 .debug_abbrev  0x0000000000002d6a      0x1b9 fs/link.o
 .debug_abbrev  0x0000000000002f23      0x273 fs/disklog.o
 .debug_abbrev  0x0000000000003196      0x1b0 lib/orangescrt.a(printf.o)
 .debug_abbrev  0x0000000000003346      0x1db lib/orangescrt.a(vsprintf.o)
 .debug_abbrev  0x0000000000003521      0x1d9 lib/orangescrt.a(misc.o)
 .debug_abbrev  0x00000000000036fa      0x1b2 lib/orangescrt.a(open.o)
 .debug_abbrev  0x00000000000038ac      0x1c1 lib/orangescrt.a(read.o)
 .debug_abbrev  0x0000000000003a6d      0x1c8 lib/orangescrt.a(write.o)
 .debug_abbrev  0x0000000000003c35      0x1b0 lib/orangescrt.a(close.o)
 .debug_abbrev  0x0000000000003de5      0x19d lib/orangescrt.a(getpid.o)
 .debug_abbrev  0x0000000000003f82      0x1c3 lib/orangescrt.a(stat.o)
 .debug_abbrev  0x0000000000004145      0x19d lib/orangescrt.a(fork.o)
 .debug_abbrev  0x00000000000042e2      0x1b2 lib/orangescrt.a(wait.o)
 .debug_abbrev  0x0000000000004494      0x1f9 lib/orangescrt.a(exec.o)

.debug_line     0x0000000000000000     0x5808
 *(.debug_line .debug_line.* .debug_line_end)
 .debug_line    0x0000000000000000       0xd6 kernel/start.o
 .debug_line    0x00000000000000d6      0x341 kernel/main.o
 .debug_line    0x0000000000000417      0x112 kernel/clock.o
 .debug_line    0x0000000000000529      0x492 kernel/keyboard.o
 .debug_line    0x00000000000009bb      0x4ac kernel/tty.o
 .debug_line    0x0000000000000e67      0x423 kernel/console.o
 .debug_line    0x000000000000128a       0xe2 kernel/i8259.o
 .debug_line    0x000000000000136c       0x8f kernel/global.o
 .debug_line    0x00000000000013fb      0x20b kernel/protect.o
 .debug_line    0x0000000000001606      0x749 kernel/proc.o
 .debug_line    0x0000000000001d4f      0x159 kernel/systask.o
 .debug_line    0x0000000000001ea8      0x64d kernel/hd.o
 .debug_line    0x00000000000024f5      0x249 kernel/klib.o
 .debug_line    0x000000000000273e       0xb7 lib/syslog.o
 .debug_line    0x00000000000027f5      0x156 mm/main.o
 .debug_line    0x000000000000294b      0x296 mm/forkexit.o
 .debug_line    0x0000000000002be1      0x1f3 mm/exec.o
 .debug_line    0x0000000000002dd4      0x6d1 fs/main.o
 .debug_line    0x00000000000034a5      0x4bb fs/open.o
 .debug_line    0x0000000000003960      0x240 fs/misc.o
 .debug_line    0x0000000000003ba0      0x274 fs/read_write.o
 .debug_line    0x0000000000003e14      0x306 fs/link.o
 .debug_line    0x000000000000411a      0xa59 fs/disklog.o
 .debug_line    0x0000000000004b73       0xce lib/orangescrt.a(printf.o)
 .debug_line    0x0000000000004c41      0x23a lib/orangescrt.a(vsprintf.o)
 .debug_line    0x0000000000004e7b      0x201 lib/orangescrt.a(misc.o)
 .debug_line    0x000000000000507c       0xc8 lib/orangescrt.a(open.o)
 .debug_line    0x0000000000005144       0xb6 lib/orangescrt.a(read.o)
 .debug_line    0x00000000000051fa       0xb7 lib/orangescrt.a(write.o)
 .debug_line    0x00000000000052b1       0xb5 lib/orangescrt.a(close.o)
 .debug_line    0x0000000000005366       0xbe lib/orangescrt.a(getpid.o)
 .debug_line    0x0000000000005424       0xd3 lib/orangescrt.a(stat.o)
 .debug_line    0x00000000000054f7       0xc5 lib/orangescrt.a(fork.o)
 .debug_line    0x00000000000055bc       0xc8 lib/orangescrt.a(wait.o)
 .debug_line    0x0000000000005684      0x184 lib/orangescrt.a(exec.o)

.debug_frame
 *(.debug_frame)

.debug_str      0x0000000000000000     0x17a2
 *(.debug_str)
 .debug_str     0x0000000000000000      0x58b kernel/start.o
                                        0x621 (size before relaxing)
 .debug_str     0x000000000000058b      0x1b4 kernel/main.o
                                        0x7b9 (size before relaxing)
 .debug_str     0x000000000000073f       0x3e kernel/clock.o
                                        0x61b (size before relaxing)
 .debug_str     0x000000000000077d      0x131 kernel/keyboard.o
                                        0x723 (size before relaxing)
 .debug_str     0x00000000000008ae       0xaa kernel/tty.o
                                        0x755 (size before relaxing)
 .debug_str     0x0000000000000958       0xfa kernel/console.o
                                        0x6e1 (size before relaxing)
 .debug_str     0x0000000000000a52       0x37 kernel/i8259.o
                                        0x61c (size before relaxing)
 .debug_str     0x0000000000000a89       0x2b kernel/global.o
                                        0x608 (size before relaxing)
 .debug_str     0x0000000000000ab4       0xc1 kernel/protect.o
                                        0x6b1 (size before relaxing)
 .debug_str     0x0000000000000b75      0x101 kernel/proc.o
                                        0x7c8 (size before relaxing)
 .debug_str     0x0000000000000c76       0x5c kernel/systask.o
                                        0x6ff (size before relaxing)
 .debug_str     0x0000000000000cd2      0x22a kernel/hd.o
                                        0x90e (size before relaxing)
 .debug_str     0x0000000000000efc      0x1be kernel/klib.o
                                        0x7f9 (size before relaxing)
 .debug_str     0x00000000000010ba       0x14 lib/syslog.o
                                        0x5f9 (size before relaxing)
 .debug_str     0x00000000000010ce       0x3b mm/main.o
                                        0x712 (size before relaxing)
 .debug_str     0x0000000000001109       0xd3 mm/forkexit.o
                                        0x77f (size before relaxing)
 .debug_str     0x00000000000011dc       0xce mm/exec.o
                                        0x7cc (size before relaxing)
 .debug_str     0x00000000000012aa       0xf1 fs/main.o
                                        0x832 (size before relaxing)
 .debug_str     0x000000000000139b       0xf2 fs/open.o
                                        0x7d9 (size before relaxing)
 .debug_str     0x000000000000148d       0x31 fs/misc.o
                                        0x7d0 (size before relaxing)
 .debug_str     0x00000000000014be       0x41 fs/read_write.o
                                        0x6fc (size before relaxing)
 .debug_str     0x00000000000014ff       0x41 fs/link.o
                                        0x743 (size before relaxing)
 .debug_str     0x0000000000001540      0x12b fs/disklog.o
                                        0x934 (size before relaxing)
 .debug_str     0x000000000000166b       0x14 lib/orangescrt.a(printf.o)
                                        0x600 (size before relaxing)
 .debug_str     0x000000000000167f       0x3b lib/orangescrt.a(vsprintf.o)
                                        0x62d (size before relaxing)
 .debug_str     0x00000000000016ba       0x5a lib/orangescrt.a(misc.o)
                                        0x64e (size before relaxing)
 .debug_str     0x0000000000001714        0xb lib/orangescrt.a(open.o)
                                        0x6b7 (size before relaxing)
 .debug_str     0x000000000000171f        0xb lib/orangescrt.a(read.o)
                                        0x6b4 (size before relaxing)
 .debug_str     0x000000000000172a        0xc lib/orangescrt.a(write.o)
                                        0x6b6 (size before relaxing)
 .debug_str     0x0000000000001736        0xc lib/orangescrt.a(close.o)
                                        0x6b0 (size before relaxing)
 .debug_str     0x0000000000001742       0x14 lib/orangescrt.a(getpid.o)
                                        0x6b2 (size before relaxing)
 .debug_str     0x0000000000001756        0xb lib/orangescrt.a(stat.o)
                                        0x6d9 (size before relaxing)
 .debug_str     0x0000000000001761        0xb lib/orangescrt.a(fork.o)
                                        0x6ae (size before relaxing)
 .debug_str     0x000000000000176c        0xb lib/orangescrt.a(wait.o)
                                        0x6b5 (size before relaxing)
 .debug_str     0x0000000000001777       0x2b lib/orangescrt.a(exec.o)
                                        0x6e5 (size before relaxing)

.debug_loc
 *(.debug_loc)

.debug_macinfo
 *(.debug_macinfo)

.debug_weaknames
 *(.debug_weaknames)

.debug_funcnames
 *(.debug_funcnames)

.debug_typenames
 *(.debug_typenames)

.debug_varnames
 *(.debug_varnames)

.debug_pubtypes
 *(.debug_pubtypes)

.debug_ranges   0x0000000000000000       0x48
 *(.debug_ranges)
 .debug_ranges  0x0000000000000000       0x18 kernel/main.o
 .debug_ranges  0x0000000000000018       0x30 kernel/hd.o

.debug_macro
 *(.debug_macro)

.debug_addr
 *(.debug_addr)

.gnu.attributes
 *(.gnu.attributes)

/DISCARD/
 *(.note.GNU-stack)
 *(.gnu_debuglink)
 *(.gnu.lto_*)
 *(.gnu_object_only)
OUTPUT(kernel.bin elf32-i386)
